Archive member included to satisfy reference by file (symbol)

h:/mounriver/mounriver_studio/toolchain/risc-v embedded gcc/bin/../lib/gcc/riscv-none-embed/8.2.0/../../../../riscv-none-embed/lib/rv32ecxw/ilp32e\libprintf.a(wchprintf.o)
                              ./screen/page.o (sprintf)
h:/mounriver/mounriver_studio/toolchain/risc-v embedded gcc/bin/../lib/gcc/riscv-none-embed/8.2.0/rv32ecxw/ilp32e\libgcc.a(divsf3.o)
                              ./screen/page.o (__divsf3)
h:/mounriver/mounriver_studio/toolchain/risc-v embedded gcc/bin/../lib/gcc/riscv-none-embed/8.2.0/rv32ecxw/ilp32e\libgcc.a(gesf2.o)
                              ./screen/page.o (__gtsf2)
h:/mounriver/mounriver_studio/toolchain/risc-v embedded gcc/bin/../lib/gcc/riscv-none-embed/8.2.0/rv32ecxw/ilp32e\libgcc.a(lesf2.o)
                              ./screen/page.o (__ltsf2)
h:/mounriver/mounriver_studio/toolchain/risc-v embedded gcc/bin/../lib/gcc/riscv-none-embed/8.2.0/rv32ecxw/ilp32e\libgcc.a(mulsf3.o)
                              ./screen/page.o (__mulsf3)
h:/mounriver/mounriver_studio/toolchain/risc-v embedded gcc/bin/../lib/gcc/riscv-none-embed/8.2.0/rv32ecxw/ilp32e\libgcc.a(fixsfsi.o)
                              ./screen/page.o (__fixsfsi)
h:/mounriver/mounriver_studio/toolchain/risc-v embedded gcc/bin/../lib/gcc/riscv-none-embed/8.2.0/rv32ecxw/ilp32e\libgcc.a(floatunsisf.o)
                              ./screen/page.o (__floatunsisf)
h:/mounriver/mounriver_studio/toolchain/risc-v embedded gcc/bin/../lib/gcc/riscv-none-embed/8.2.0/rv32ecxw/ilp32e\libgcc.a(extendsfdf2.o)
                              ./screen/page.o (__extendsfdf2)
h:/mounriver/mounriver_studio/toolchain/risc-v embedded gcc/bin/../lib/gcc/riscv-none-embed/8.2.0/rv32ecxw/ilp32e\libgcc.a(save-restore.o)
                              ./screen/GUI_Paint.o (__riscv_save_2)
h:/mounriver/mounriver_studio/toolchain/risc-v embedded gcc/bin/../lib/gcc/riscv-none-embed/8.2.0/rv32ecxw/ilp32e\libgcc.a(muldi3.o)
                              ./screen/GUI_Paint.o (__mulsi3)
h:/mounriver/mounriver_studio/toolchain/risc-v embedded gcc/bin/../lib/gcc/riscv-none-embed/8.2.0/rv32ecxw/ilp32e\libgcc.a(div.o)
                              ./screen/GUI_Paint.o (__divsi3)
h:/mounriver/mounriver_studio/toolchain/risc-v embedded gcc/bin/../lib/gcc/riscv-none-embed/8.2.0/rv32ecxw/ilp32e\libgcc.a(_clzsi2.o)
                              h:/mounriver/mounriver_studio/toolchain/risc-v embedded gcc/bin/../lib/gcc/riscv-none-embed/8.2.0/rv32ecxw/ilp32e\libgcc.a(divsf3.o) (__clzsi2)
h:/mounriver/mounriver_studio/toolchain/risc-v embedded gcc/bin/../lib/gcc/riscv-none-embed/8.2.0/rv32ecxw/ilp32e\libgcc.a(_clz.o)
                              h:/mounriver/mounriver_studio/toolchain/risc-v embedded gcc/bin/../lib/gcc/riscv-none-embed/8.2.0/rv32ecxw/ilp32e\libgcc.a(_clzsi2.o) (__clz_tab)
h:/mounriver/mounriver_studio/toolchain/risc-v embedded gcc/bin/../lib/gcc/riscv-none-embed/8.2.0/../../../../riscv-none-embed/lib/rv32ecxw/ilp32e\libg_nano.a(lib_a-memset.o)
                              ./screen/GUI_Paint.o (memset)
h:/mounriver/mounriver_studio/toolchain/risc-v embedded gcc/bin/../lib/gcc/riscv-none-embed/8.2.0/../../../../riscv-none-embed/lib/rv32ecxw/ilp32e\libg_nano.a(lib_a-strlen.o)
                              ./screen/page.o (strlen)

Discarded input sections

 .text          0x0000000000000000        0x0 ./screen/GUI_Paint.o
 .data          0x0000000000000000        0x0 ./screen/GUI_Paint.o
 .bss           0x0000000000000000        0x0 ./screen/GUI_Paint.o
 .text.Paint_SetRotate
                0x0000000000000000       0x26 ./screen/GUI_Paint.o
 .text.Paint_SetMirroring
                0x0000000000000000       0x16 ./screen/GUI_Paint.o
 .text.Paint_ClearWindows
                0x0000000000000000       0x52 ./screen/GUI_Paint.o
 .text.Paint_DrawPoint
                0x0000000000000000       0x20 ./screen/GUI_Paint.o
 .text.Paint_DrawCircle
                0x0000000000000000      0x2ec ./screen/GUI_Paint.o
 .text.Paint_Drawicon
                0x0000000000000000      0x1a6 ./screen/GUI_Paint.o
 .text.Paint_DrawString_CN
                0x0000000000000000      0x10c ./screen/GUI_Paint.o
 .text.Paint_DrawNum
                0x0000000000000000       0xca ./screen/GUI_Paint.o
 .text.Paint_DrawTime
                0x0000000000000000      0x21c ./screen/GUI_Paint.o
 .text.Paint_DrawImage
                0x0000000000000000       0x8e ./screen/GUI_Paint.o
 .text          0x0000000000000000        0x0 ./screen/drive_screen.o
 .data          0x0000000000000000        0x0 ./screen/drive_screen.o
 .bss           0x0000000000000000        0x0 ./screen/drive_screen.o
 .text.delay_us
                0x0000000000000000        0x2 ./screen/drive_screen.o
 .text.LCD_Drive_Init_Basic
                0x0000000000000000       0x42 ./screen/drive_screen.o
 .text.LCD_Drive_DeInit_Basic
[...]
Memory Configuration

Name             Origin             Length             Attributes
FLASH            0x0000000000000000 0x0000000000004000 xr
RAM              0x0000000020000000 0x0000000000000800 xrw
*default*        0x0000000000000000 0xffffffffffffffff

Linker script and memory map

LOAD ./screen/GUI_Paint.o
LOAD ./screen/drive_screen.o
LOAD ./screen/font12.o
LOAD ./screen/font16.o
LOAD ./screen/font24.o
LOAD ./screen/font8.o
LOAD ./screen/page.o
LOAD ./screen/screen_api.o
LOAD ./pwm/pwm.o
LOAD ./encode/encode.o
LOAD ./adc/adc.o
LOAD ./User/ch32v00x_it.o
LOAD ./User/main.o
LOAD ./User/system_ch32v00x.o
LOAD ./Time/time_app.o
LOAD ./Startup/startup_ch32v00x.o
LOAD ./Peripheral/src/ch32v00x_adc.o
LOAD ./Peripheral/src/ch32v00x_dbgmcu.o
LOAD ./Peripheral/src/ch32v00x_dma.o
LOAD ./Peripheral/src/ch32v00x_exti.o
LOAD ./Peripheral/src/ch32v00x_flash.o
LOAD ./Peripheral/src/ch32v00x_gpio.o
LOAD ./Peripheral/src/ch32v00x_i2c.o
LOAD ./Peripheral/src/ch32v00x_iwdg.o
LOAD ./Peripheral/src/ch32v00x_misc.o
LOAD ./Peripheral/src/ch32v00x_opa.o
LOAD ./Peripheral/src/ch32v00x_pwr.o
LOAD ./Peripheral/src/ch32v00x_rcc.o
LOAD ./Peripheral/src/ch32v00x_spi.o
LOAD ./Peripheral/src/ch32v00x_tim.o
LOAD ./Peripheral/src/ch32v00x_usart.o
LOAD ./Peripheral/src/ch32v00x_wwdg.o
LOAD ./Gpio/gpio.o
LOAD ./Debug/debug.o
LOAD ./Core/core_riscv.o
LOAD h:/mounriver/mounriver_studio/toolchain/risc-v embedded gcc/bin/../lib/gcc/riscv-none-embed/8.2.0/../../../../riscv-none-embed/lib/rv32ecxw/ilp32e\libprintf.a
LOAD h:/mounriver/mounriver_studio/toolchain/risc-v embedded gcc/bin/../lib/gcc/riscv-none-embed/8.2.0/rv32ecxw/ilp32e\libgcc.a
LOAD h:/mounriver/mounriver_studio/toolchain/risc-v embedded gcc/bin/../lib/gcc/riscv-none-embed/8.2.0/../../../../riscv-none-embed/lib/rv32ecxw/ilp32e\libg_nano.a
LOAD h:/mounriver/mounriver_studio/toolchain/risc-v embedded gcc/bin/../lib/gcc/riscv-none-embed/8.2.0/../../../../riscv-none-embed/lib/rv32ecxw/ilp32e\libc_nano.a
LOAD h:/mounriver/mounriver_studio/toolchain/risc-v embedded gcc/bin/../lib/gcc/riscv-none-embed/8.2.0/rv32ecxw/ilp32e\libgcc.a
START GROUP
LOAD h:/mounriver/mounriver_studio/toolchain/risc-v embedded gcc/bin/../lib/gcc/riscv-none-embed/8.2.0/rv32ecxw/ilp32e\libgcc.a
LOAD h:/mounriver/mounriver_studio/toolchain/risc-v embedded gcc/bin/../lib/gcc/riscv-none-embed/8.2.0/../../../../riscv-none-embed/lib/rv32ecxw/ilp32e\libc_nano.a
LOAD h:/mounriver/mounriver_studio/toolchain/risc-v embedded gcc/bin/../lib/gcc/riscv-none-embed/8.2.0/../../../../riscv-none-embed/lib/rv32ecxw/ilp32e\libnosys.a
END GROUP
START GROUP
LOAD h:/mounriver/mounriver_studio/toolchain/risc-v embedded gcc/bin/../lib/gcc/riscv-none-embed/8.2.0/rv32ecxw/ilp32e\libgcc.a
LOAD h:/mounriver/mounriver_studio/toolchain/risc-v embedded gcc/bin/../lib/gcc/riscv-none-embed/8.2.0/../../../../riscv-none-embed/lib/rv32ecxw/ilp32e\libc_nano.a
LOAD h:/mounriver/mounriver_studio/toolchain/risc-v embedded gcc/bin/../lib/gcc/riscv-none-embed/8.2.0/../../../../riscv-none-embed/lib/rv32ecxw/ilp32e\libnosys.a
END GROUP
                0x0000000000000100                __stack_size = 0x100
                [!provide]                        PROVIDE (_stack_size = __stack_size)

.init           0x0000000000000000       0xa0
                0x0000000000000000                _sinit = .
                0x0000000000000000                . = ALIGN (0x4)
 *(SORT_NONE(.init))
 .init          0x0000000000000000       0x9e ./Startup/startup_ch32v00x.o
                0x0000000000000000                _start
                0x00000000000000a0                . = ALIGN (0x4)
 *fill*         0x000000000000009e        0x2 
                0x00000000000000a0                _einit = .

.text           0x00000000000000a0     0x31c8
                0x00000000000000a0                . = ALIGN (0x4)
 *(.text)
 .text          0x00000000000000a0       0x14 h:/mounriver/mounriver_studio/toolchain/risc-v embedded gcc/bin/../lib/gcc/riscv-none-embed/8.2.0/rv32ecxw/ilp32e\libgcc.a(save-restore.o)
                0x00000000000000a0                __riscv_save_1
                0x00000000000000a0                __riscv_save_2
                0x00000000000000a0                __riscv_save_0
                0x00000000000000aa                __riscv_restore_0
                0x00000000000000aa                __riscv_restore_1
                0x00000000000000aa                __riscv_restore_2
 .text          0x00000000000000b4       0x16 h:/mounriver/mounriver_studio/toolchain/risc-v embedded gcc/bin/../lib/gcc/riscv-none-embed/8.2.0/rv32ecxw/ilp32e\libgcc.a(muldi3.o)
                0x00000000000000b4                __mulsi3
 *fill*         0x00000000000000ca        0x2 
 .text          0x00000000000000cc       0x7e h:/mounriver/mounriver_studio/toolchain/risc-v embedded gcc/bin/../lib/gcc/riscv-none-embed/8.2.0/rv32ecxw/ilp32e\libgcc.a(div.o)
                0x00000000000000cc                __divsi3
                0x00000000000000d4                __udivsi3
                0x0000000000000100                __umodsi3
                0x0000000000000124                __modsi3
 .text          0x000000000000014a       0xa8 h:/mounriver/mounriver_studio/toolchain/risc-v embedded gcc/bin/../lib/gcc/riscv-none-embed/8.2.0/../../../../riscv-none-embed/lib/rv32ecxw/ilp32e\libg_nano.a(lib_a-memset.o)
                0x000000000000014a                memset
 *(.text.*)
 .text.Paint_NewImage
                0x00000000000001f2       0x32 ./screen/GUI_Paint.o
                0x00000000000001f2                Paint_NewImage
 .text.Paint_SetPixel
                0x0000000000000224       0x70 ./screen/GUI_Paint.o
                0x0000000000000224                Paint_SetPixel
 .text.Paint_DrawPoint.part.0
                0x0000000000000294       0xa4 ./screen/GUI_Paint.o
 .text.Paint_DrawLine
                0x0000000000000338      0x10e ./screen/GUI_Paint.o
                0x0000000000000338                Paint_DrawLine
 .text.Paint_DrawRectangle
                0x0000000000000446       0x72 ./screen/GUI_Paint.o
                0x0000000000000446                Paint_DrawRectangle
 .text.Paint_DrawChar
                0x00000000000004b8      0x17e ./screen/GUI_Paint.o
                0x00000000000004b8                Paint_DrawChar
 .text.Paint_DrawString
                0x0000000000000636       0xc8 ./screen/GUI_Paint.o
                0x0000000000000636                Paint_DrawString
 .text.SPI_FullDuplex_Init
                0x00000000000006fe       0x48 ./screen/drive_screen.o
                0x00000000000006fe                SPI_FullDuplex_Init
 .text.SPI_DMA_Tx_Init
                0x0000000000000746       0x7a ./screen/drive_screen.o
                0x0000000000000746                SPI_DMA_Tx_Init
 .text.Screen_spi_write
                0x00000000000007c0       0x5c ./screen/drive_screen.o
                0x00000000000007c0                Screen_spi_write
 .text.FAN_SetSpeed
                0x000000000000081c       0x1a ./screen/page.o
                0x000000000000081c                FAN_SetSpeed
 .text.LED_SetLight
                0x0000000000000836       0x1a ./screen/page.o
                0x0000000000000836                LED_SetLight
 .text.update_current_setting
                0x0000000000000850       0xa0 ./screen/page.o
                0x0000000000000850                update_current_setting
 .text.draw_setting
                0x00000000000008f0      0x170 ./screen/page.o
                0x00000000000008f0                draw_setting
 .text.display_settings
                0x0000000000000a60       0x78 ./screen/page.o
                0x0000000000000a60                display_settings
 .text.handle_setting_event
                0x0000000000000ad8       0x90 ./screen/page.o
                0x0000000000000ad8                handle_setting_event
 .text.setting_page
                0x0000000000000b68       0x28 ./screen/page.o
                0x0000000000000b68                setting_page
 .text.show_page
                0x0000000000000b90       0x1e ./screen/page.o
                0x0000000000000b90                show_page
 .text.Screen_SendData_8Bit
                0x0000000000000bae       0x2c ./screen/screen_api.o
 .text.Screen_SendCommand
                0x0000000000000bda       0x2c ./screen/screen_api.o
                0x0000000000000bda                Screen_SendCommand
 .text.Screen_EnterSleepMode
                0x0000000000000c06       0x12 ./screen/screen_api.o
                0x0000000000000c06                Screen_EnterSleepMode
 .text.LCD_Drive_DeInit
                0x0000000000000c18       0x52 ./screen/screen_api.o
                0x0000000000000c18                LCD_Drive_DeInit
 .text.Screen_ExitSleepMode
                0x0000000000000c6a       0x14 ./screen/screen_api.o
                0x0000000000000c6a                Screen_ExitSleepMode
 .text.LCD_Drive_Init
                0x0000000000000c7e       0x42 ./screen/screen_api.o
                0x0000000000000c7e                LCD_Drive_Init
 .text.Screen_Init
                0x0000000000000cc0       0xd8 ./screen/screen_api.o
                0x0000000000000cc0                Screen_Init
 .text.Screen_SetWindows
                0x0000000000000d98       0x7a ./screen/screen_api.o
                0x0000000000000d98                Screen_SetWindows
 .text.Screen_Clear
                0x0000000000000e12      0x13c ./screen/screen_api.o
                0x0000000000000e12                Screen_Clear
 .text.LCD_SHOW_API_INIT
                0x0000000000000f4e       0x2e ./screen/screen_api.o
                0x0000000000000f4e                LCD_SHOW_API_INIT
 .text.LCD_Refrsh_DMA
                0x0000000000000f7c      0x10c ./screen/screen_api.o
                0x0000000000000f7c                LCD_Refrsh_DMA
 .text.Screen_DrawPaint
                0x0000000000001088       0x7a ./screen/screen_api.o
                0x0000000000001088                Screen_DrawPaint
 .text.Encoder_Scan
                0x0000000000001102       0xac ./encode/encode.o
                0x0000000000001102                Encoder_Scan
 .text.get_battery_percentage
                0x00000000000011ae       0xa4 ./adc/adc.o
                0x00000000000011ae                get_battery_percentage
 .text.Battery_DeInit
                0x0000000000001252       0x40 ./adc/adc.o
                0x0000000000001252                Battery_DeInit
 .text.DMA_Tx_Init
                0x0000000000001292       0x82 ./adc/adc.o
                0x0000000000001292                DMA_Tx_Init
 .text.Battery_Init
                0x0000000000001314       0xd2 ./adc/adc.o
                0x0000000000001314                Battery_Init
 .text.show_battery
                0x00000000000013e6      0x22c ./adc/adc.o
                0x00000000000013e6                show_battery
 .text.TIM2_IRQHandler
                0x0000000000001612       0x4c ./User/ch32v00x_it.o
                0x0000000000001612                TIM2_IRQHandler
 .text.refresh_SleepCounter
                0x000000000000165e        0x6 ./User/ch32v00x_it.o
                0x000000000000165e                refresh_SleepCounter
 .text.DMA1_Channel3_IRQHandler
                0x0000000000001664       0x1c ./User/ch32v00x_it.o
                0x0000000000001664                DMA1_Channel3_IRQHandler
 .text.DMA1_Channel1_IRQHandler
                0x0000000000001680       0x52 ./User/ch32v00x_it.o
                0x0000000000001680                DMA1_Channel1_IRQHandler
 .text.NMI_Handler
                0x00000000000016d2        0x2 ./User/ch32v00x_it.o
                0x00000000000016d2                NMI_Handler
 .text.HardFault_Handler
                0x00000000000016d4        0x2 ./User/ch32v00x_it.o
                0x00000000000016d4                HardFault_Handler
 .text.EXTI_INT_INIT
                0x00000000000016d6       0x8a ./User/ch32v00x_it.o
                0x00000000000016d6                EXTI_INT_INIT
 .text.system_wokeup
                0x0000000000001760       0x64 ./User/ch32v00x_it.o
                0x0000000000001760                system_wokeup
 .text.EXTI7_0_IRQHandler
                0x00000000000017c4       0x7c ./User/ch32v00x_it.o
                0x00000000000017c4                EXTI7_0_IRQHandler
 .text.system_enter_sleep
                0x0000000000001840       0x30 ./User/ch32v00x_it.o
                0x0000000000001840                system_enter_sleep
 .text.Sleep_Scan
                0x0000000000001870       0x1c ./User/ch32v00x_it.o
                0x0000000000001870                Sleep_Scan
 .text.TIM1_UP_IRQHandler
                0x000000000000188c       0x7a ./User/ch32v00x_it.o
                0x000000000000188c                TIM1_UP_IRQHandler
 .text.AWU_IRQHandler
                0x0000000000001906       0x16 ./User/ch32v00x_it.o
                0x0000000000001906                AWU_IRQHandler
 .text.startup.main
                0x000000000000191c       0x98 ./User/main.o
                0x000000000000191c                main
 .text.SystemInit
                0x00000000000019b4       0xe6 ./User/system_ch32v00x.o
                0x00000000000019b4                SystemInit
 .text.SystemCoreClockUpdate
                0x0000000000001a9a       0x6c ./User/system_ch32v00x.o
                0x0000000000001a9a                SystemCoreClockUpdate
 .text.TIM1_Init
                0x0000000000001b06       0xea ./Time/time_app.o
                0x0000000000001b06                TIM1_Init
 .text.TIM1_DeInit
                0x0000000000001bf0       0x42 ./Time/time_app.o
                0x0000000000001bf0                TIM1_DeInit
 .text.TIM2_Init
                0x0000000000001c32       0x96 ./Time/time_app.o
                0x0000000000001c32                TIM2_Init
 .text.TIM2_DeInit
                0x0000000000001cc8       0x42 ./Time/time_app.o
                0x0000000000001cc8                TIM2_DeInit
 .text.IWDG_Feed_Init
                0x0000000000001d0a       0x28 ./Time/time_app.o
                0x0000000000001d0a                IWDG_Feed_Init
 .text.AWU_Init
                0x0000000000001d32       0x1c ./Time/time_app.o
                0x0000000000001d32                AWU_Init
 .text.vector_handler
                0x0000000000001d4e        0x2 ./Startup/startup_ch32v00x.o
                0x0000000000001d4e                TIM1_CC_IRQHandler
                0x0000000000001d4e                SysTick_Handler
                0x0000000000001d4e                PVD_IRQHandler
                0x0000000000001d4e                SPI1_IRQHandler
                0x0000000000001d4e                DMA1_Channel4_IRQHandler
                0x0000000000001d4e                ADC1_IRQHandler
                0x0000000000001d4e                DMA1_Channel7_IRQHandler
                0x0000000000001d4e                I2C1_EV_IRQHandler
                0x0000000000001d4e                DMA1_Channel6_IRQHandler
                0x0000000000001d4e                RCC_IRQHandler
                0x0000000000001d4e                TIM1_TRG_COM_IRQHandler
                0x0000000000001d4e                DMA1_Channel5_IRQHandler
                0x0000000000001d4e                WWDG_IRQHandler
                0x0000000000001d4e                SW_Handler
                0x0000000000001d4e                TIM1_BRK_IRQHandler
                0x0000000000001d4e                DMA1_Channel2_IRQHandler
                0x0000000000001d4e                FLASH_IRQHandler
                0x0000000000001d4e                USART1_IRQHandler
                0x0000000000001d4e                I2C1_ER_IRQHandler
 .text.handle_reset
                0x0000000000001d50       0x88 ./Startup/startup_ch32v00x.o
                0x0000000000001d50                handle_reset
 .text.ADC_DeInit
                0x0000000000001dd8       0x26 ./Peripheral/src/ch32v00x_adc.o
                0x0000000000001dd8                ADC_DeInit
 .text.ADC_Init
                0x0000000000001dfe       0x4e ./Peripheral/src/ch32v00x_adc.o
                0x0000000000001dfe                ADC_Init
 .text.ADC_Cmd  0x0000000000001e4c       0x10 ./Peripheral/src/ch32v00x_adc.o
                0x0000000000001e4c                ADC_Cmd
 .text.ADC_DMACmd
                0x0000000000001e5c       0x12 ./Peripheral/src/ch32v00x_adc.o
                0x0000000000001e5c                ADC_DMACmd
 .text.ADC_ResetCalibration
                0x0000000000001e6e        0xa ./Peripheral/src/ch32v00x_adc.o
                0x0000000000001e6e                ADC_ResetCalibration
 .text.ADC_GetResetCalibrationStatus
                0x0000000000001e78        0x8 ./Peripheral/src/ch32v00x_adc.o
                0x0000000000001e78                ADC_GetResetCalibrationStatus
 .text.ADC_StartCalibration
                0x0000000000001e80        0xa ./Peripheral/src/ch32v00x_adc.o
                0x0000000000001e80                ADC_StartCalibration
 .text.ADC_GetCalibrationStatus
                0x0000000000001e8a        0x8 ./Peripheral/src/ch32v00x_adc.o
                0x0000000000001e8a                ADC_GetCalibrationStatus
 .text.ADC_SoftwareStartConvCmd
                0x0000000000001e92       0x18 ./Peripheral/src/ch32v00x_adc.o
                0x0000000000001e92                ADC_SoftwareStartConvCmd
 .text.ADC_RegularChannelConfig
                0x0000000000001eaa       0xba ./Peripheral/src/ch32v00x_adc.o
                0x0000000000001eaa                ADC_RegularChannelConfig
 .text.ADC_Calibration_Vol
                0x0000000000001f64       0x14 ./Peripheral/src/ch32v00x_adc.o
                0x0000000000001f64                ADC_Calibration_Vol
 .text.DMA_DeInit
                0x0000000000001f78       0x92 ./Peripheral/src/ch32v00x_dma.o
                0x0000000000001f78                DMA_DeInit
 .text.DMA_Init
                0x000000000000200a       0x38 ./Peripheral/src/ch32v00x_dma.o
                0x000000000000200a                DMA_Init
 .text.DMA_Cmd  0x0000000000002042       0x14 ./Peripheral/src/ch32v00x_dma.o
                0x0000000000002042                DMA_Cmd
 .text.DMA_ITConfig
                0x0000000000002056       0x12 ./Peripheral/src/ch32v00x_dma.o
                0x0000000000002056                DMA_ITConfig
 .text.DMA_GetFlagStatus
                0x0000000000002068        0xe ./Peripheral/src/ch32v00x_dma.o
                0x0000000000002068                DMA_GetFlagStatus
 .text.DMA_ClearFlag
                0x0000000000002076        0x8 ./Peripheral/src/ch32v00x_dma.o
                0x0000000000002076                DMA_ClearFlag
 .text.DMA_GetITStatus
                0x000000000000207e        0xa ./Peripheral/src/ch32v00x_dma.o
                0x000000000000207e                DMA_GetITStatus
 .text.DMA_ClearITPendingBit
                0x0000000000002088        0x8 ./Peripheral/src/ch32v00x_dma.o
                0x0000000000002088                DMA_ClearITPendingBit
 .text.EXTI_Init
                0x0000000000002090       0x6a ./Peripheral/src/ch32v00x_exti.o
                0x0000000000002090                EXTI_Init
 .text.EXTI_GetITStatus
                0x00000000000020fa       0x1e ./Peripheral/src/ch32v00x_exti.o
                0x00000000000020fa                EXTI_GetITStatus
 .text.EXTI_ClearITPendingBit
                0x0000000000002118        0xa ./Peripheral/src/ch32v00x_exti.o
                0x0000000000002118                EXTI_ClearITPendingBit
 .text.GPIO_Init
                0x0000000000002122       0x7c ./Peripheral/src/ch32v00x_gpio.o
                0x0000000000002122                GPIO_Init
 .text.GPIO_ReadInputDataBit
                0x000000000000219e        0xa ./Peripheral/src/ch32v00x_gpio.o
                0x000000000000219e                GPIO_ReadInputDataBit
 .text.GPIO_SetBits
                0x00000000000021a8        0x4 ./Peripheral/src/ch32v00x_gpio.o
                0x00000000000021a8                GPIO_SetBits
 .text.GPIO_ResetBits
                0x00000000000021ac        0x4 ./Peripheral/src/ch32v00x_gpio.o
                0x00000000000021ac                GPIO_ResetBits
 .text.IWDG_WriteAccessCmd
                0x00000000000021b0        0x8 ./Peripheral/src/ch32v00x_iwdg.o
                0x00000000000021b0                IWDG_WriteAccessCmd
 .text.IWDG_SetPrescaler
                0x00000000000021b8        0x8 ./Peripheral/src/ch32v00x_iwdg.o
                0x00000000000021b8                IWDG_SetPrescaler
 .text.IWDG_SetReload
                0x00000000000021c0        0x8 ./Peripheral/src/ch32v00x_iwdg.o
                0x00000000000021c0                IWDG_SetReload
 .text.IWDG_ReloadCounter
                0x00000000000021c8        0xe ./Peripheral/src/ch32v00x_iwdg.o
                0x00000000000021c8                IWDG_ReloadCounter
 .text.IWDG_Enable
                0x00000000000021d6       0x18 ./Peripheral/src/ch32v00x_iwdg.o
                0x00000000000021d6                IWDG_Enable
 .text.NVIC_PriorityGroupConfig
                0x00000000000021ee        0x6 ./Peripheral/src/ch32v00x_misc.o
                0x00000000000021ee                NVIC_PriorityGroupConfig
 .text.NVIC_Init
                0x00000000000021f4       0x54 ./Peripheral/src/ch32v00x_misc.o
                0x00000000000021f4                NVIC_Init
 .text.PWR_AutoWakeUpCmd
                0x0000000000002248       0x14 ./Peripheral/src/ch32v00x_pwr.o
                0x0000000000002248                PWR_AutoWakeUpCmd
 .text.PWR_AWU_SetPrescaler
                0x000000000000225c        0xe ./Peripheral/src/ch32v00x_pwr.o
                0x000000000000225c                PWR_AWU_SetPrescaler
 .text.PWR_AWU_SetWindowValue
                0x000000000000226a       0x1e ./Peripheral/src/ch32v00x_pwr.o
                0x000000000000226a                PWR_AWU_SetWindowValue
 .text.PWR_EnterSTANDBYMode
                0x0000000000002288       0x82 ./Peripheral/src/ch32v00x_pwr.o
                0x0000000000002288                PWR_EnterSTANDBYMode
 .text.RCC_AdjustHSICalibrationValue
                0x000000000000230a       0x12 ./Peripheral/src/ch32v00x_rcc.o
                0x000000000000230a                RCC_AdjustHSICalibrationValue
 .text.RCC_ADCCLKConfig
                0x000000000000231c       0x14 ./Peripheral/src/ch32v00x_rcc.o
                0x000000000000231c                RCC_ADCCLKConfig
 .text.RCC_GetClocksFreq
                0x0000000000002330       0xa2 ./Peripheral/src/ch32v00x_rcc.o
                0x0000000000002330                RCC_GetClocksFreq
 .text.RCC_AHBPeriphClockCmd
                0x00000000000023d2       0x1e ./Peripheral/src/ch32v00x_rcc.o
                0x00000000000023d2                RCC_AHBPeriphClockCmd
 .text.RCC_APB2PeriphClockCmd
                0x00000000000023f0       0x1e ./Peripheral/src/ch32v00x_rcc.o
                0x00000000000023f0                RCC_APB2PeriphClockCmd
 .text.RCC_APB1PeriphClockCmd
                0x000000000000240e       0x1e ./Peripheral/src/ch32v00x_rcc.o
                0x000000000000240e                RCC_APB1PeriphClockCmd
 .text.RCC_APB2PeriphResetCmd
                0x000000000000242c       0x1e ./Peripheral/src/ch32v00x_rcc.o
                0x000000000000242c                RCC_APB2PeriphResetCmd
 .text.RCC_APB1PeriphResetCmd
                0x000000000000244a       0x1e ./Peripheral/src/ch32v00x_rcc.o
                0x000000000000244a                RCC_APB1PeriphResetCmd
 .text.RCC_GetFlagStatus
                0x0000000000002468       0x20 ./Peripheral/src/ch32v00x_rcc.o
                0x0000000000002468                RCC_GetFlagStatus
 .text.SPI_Init
                0x0000000000002488       0x32 ./Peripheral/src/ch32v00x_spi.o
                0x0000000000002488                SPI_Init
 .text.SPI_Cmd  0x00000000000024ba       0x1a ./Peripheral/src/ch32v00x_spi.o
                0x00000000000024ba                SPI_Cmd
 .text.SPI_I2S_DMACmd
                0x00000000000024d4       0x12 ./Peripheral/src/ch32v00x_spi.o
                0x00000000000024d4                SPI_I2S_DMACmd
 .text.SPI_I2S_SendData
                0x00000000000024e6        0x4 ./Peripheral/src/ch32v00x_spi.o
                0x00000000000024e6                SPI_I2S_SendData
 .text.SPI_I2S_ReceiveData
                0x00000000000024ea        0x4 ./Peripheral/src/ch32v00x_spi.o
                0x00000000000024ea                SPI_I2S_ReceiveData
 .text.SPI_I2S_GetFlagStatus
                0x00000000000024ee        0xa ./Peripheral/src/ch32v00x_spi.o
                0x00000000000024ee                SPI_I2S_GetFlagStatus
 .text.TI1_Config
                0x00000000000024f8       0x5a ./Peripheral/src/ch32v00x_tim.o
 .text.TI2_Config
                0x0000000000002552       0x70 ./Peripheral/src/ch32v00x_tim.o
 .text.TIM_TimeBaseInit
                0x00000000000025c2       0x4e ./Peripheral/src/ch32v00x_tim.o
                0x00000000000025c2                TIM_TimeBaseInit
 .text.TIM_OC1Init
                0x0000000000002610       0x6a ./Peripheral/src/ch32v00x_tim.o
                0x0000000000002610                TIM_OC1Init
 .text.TIM_OC2Init
                0x000000000000267a       0x96 ./Peripheral/src/ch32v00x_tim.o
                0x000000000000267a                TIM_OC2Init
 .text.TIM_OC3Init
                0x0000000000002710       0x94 ./Peripheral/src/ch32v00x_tim.o
                0x0000000000002710                TIM_OC3Init
 .text.TIM_TimeBaseStructInit
                0x00000000000027a4       0x16 ./Peripheral/src/ch32v00x_tim.o
                0x00000000000027a4                TIM_TimeBaseStructInit
 .text.TIM_Cmd  0x00000000000027ba       0x18 ./Peripheral/src/ch32v00x_tim.o
                0x00000000000027ba                TIM_Cmd
 .text.TIM_CtrlPWMOutputs
                0x00000000000027d2       0x16 ./Peripheral/src/ch32v00x_tim.o
                0x00000000000027d2                TIM_CtrlPWMOutputs
 .text.TIM_ITConfig
                0x00000000000027e8       0x12 ./Peripheral/src/ch32v00x_tim.o
                0x00000000000027e8                TIM_ITConfig
 .text.TIM_EncoderInterfaceConfig
                0x00000000000027fa       0x3c ./Peripheral/src/ch32v00x_tim.o
                0x00000000000027fa                TIM_EncoderInterfaceConfig
 .text.TIM_ARRPreloadConfig
                0x0000000000002836       0x1a ./Peripheral/src/ch32v00x_tim.o
                0x0000000000002836                TIM_ARRPreloadConfig
 .text.TIM_OC1PreloadConfig
                0x0000000000002850        0xe ./Peripheral/src/ch32v00x_tim.o
                0x0000000000002850                TIM_OC1PreloadConfig
 .text.TIM_OC2PreloadConfig
                0x000000000000285e       0x16 ./Peripheral/src/ch32v00x_tim.o
                0x000000000000285e                TIM_OC2PreloadConfig
 .text.TIM_OC3PreloadConfig
                0x0000000000002874        0xe ./Peripheral/src/ch32v00x_tim.o
                0x0000000000002874                TIM_OC3PreloadConfig
 .text.TIM_SetCounter
                0x0000000000002882        0x4 ./Peripheral/src/ch32v00x_tim.o
                0x0000000000002882                TIM_SetCounter
 .text.TIM_SetIC1Prescaler
                0x0000000000002886       0x16 ./Peripheral/src/ch32v00x_tim.o
                0x0000000000002886                TIM_SetIC1Prescaler
 .text.TIM_SetIC2Prescaler
                0x000000000000289c       0x1a ./Peripheral/src/ch32v00x_tim.o
                0x000000000000289c                TIM_SetIC2Prescaler
 .text.TIM_ICInit
                0x00000000000028b6       0x3c ./Peripheral/src/ch32v00x_tim.o
                0x00000000000028b6                TIM_ICInit
 .text.TIM_ClearFlag
                0x00000000000028f2        0xc ./Peripheral/src/ch32v00x_tim.o
                0x00000000000028f2                TIM_ClearFlag
 .text.TIM_GetITStatus
                0x00000000000028fe       0x18 ./Peripheral/src/ch32v00x_tim.o
                0x00000000000028fe                TIM_GetITStatus
 .text.TIM_ClearITPendingBit
                0x0000000000002916        0xc ./Peripheral/src/ch32v00x_tim.o
                0x0000000000002916                TIM_ClearITPendingBit
 .text.USART_DeInit
                0x0000000000002922       0x26 ./Peripheral/src/ch32v00x_usart.o
                0x0000000000002922                USART_DeInit
 .text.USART_Init
                0x0000000000002948       0xce ./Peripheral/src/ch32v00x_usart.o
                0x0000000000002948                USART_Init
 .text.USART_Cmd
                0x0000000000002a16       0x16 ./Peripheral/src/ch32v00x_usart.o
                0x0000000000002a16                USART_Cmd
 .text.GPIO_Init_Pin
                0x0000000000002a2c       0x1e ./Gpio/gpio.o
                0x0000000000002a2c                GPIO_Init_Pin
 .text.My_GPIO_Init
                0x0000000000002a4a       0xe0 ./Gpio/gpio.o
                0x0000000000002a4a                My_GPIO_Init
 .text.Delay_Init
                0x0000000000002b2a       0x34 ./Debug/debug.o
                0x0000000000002b2a                Delay_Init
 .text.Delay_Ms
                0x0000000000002b5e       0x3a ./Debug/debug.o
                0x0000000000002b5e                Delay_Ms
 .text.USART_Printf_Init
                0x0000000000002b98       0x5c ./Debug/debug.o
                0x0000000000002b98                USART_Printf_Init
 .text.intToStr
                0x0000000000002bf4       0xac ./Debug/debug.o
                0x0000000000002bf4                intToStr
 .text.strlen   0x0000000000002ca0       0x12 h:/mounriver/mounriver_studio/toolchain/risc-v embedded gcc/bin/../lib/gcc/riscv-none-embed/8.2.0/../../../../riscv-none-embed/lib/rv32ecxw/ilp32e\libg_nano.a(lib_a-strlen.o)
                0x0000000000002ca0                strlen
 *(.rodata)
 *(.rodata*)
 *fill*         0x0000000000002cb2        0x2 
 .rodata.Font12_English
                0x0000000000002cb4      0x144 ./screen/font12.o
                0x0000000000002cb4                Font12_English
 .rodata.Font16_Number
                0x0000000000002df8      0x1a0 ./screen/font16.o
                0x0000000000002df8                Font16_Number
 .rodata.Font16_battery
                0x0000000000002f98       0x42 ./screen/font16.o
                0x0000000000002f98                Font16_battery
 *fill*         0x0000000000002fda        0x2 
 .rodata.Font16_english
                0x0000000000002fdc      0x200 ./screen/font16.o
                0x0000000000002fdc                Font16_english
 .rodata.Font16_english_map
                0x00000000000031dc       0x10 ./screen/font16.o
                0x00000000000031dc                Font16_english_map
 .rodata.CSWTCH.22
                0x00000000000031ec        0x6 ./screen/page.o
 *fill*         0x00000000000031f2        0x2 
 .rodata.display_settings.str1.4
                0x00000000000031f4        0x7 ./screen/page.o
 *fill*         0x00000000000031fb        0x1 
 .rodata.str1.4
                0x00000000000031fc       0x15 ./screen/page.o
 *fill*         0x0000000000003211        0x3 
 .rodata.init_cmds
                0x0000000000003214       0x41 ./screen/screen_api.o
 *fill*         0x0000000000003255        0x3 
 .rodata.percent_points
                0x0000000000003258        0x5 ./adc/adc.o
                0x0000000000003258                percent_points
 *fill*         0x000000000000325d        0x3 
 .rodata.show_battery.str1.4
                0x0000000000003260        0x8 ./adc/adc.o
                                          0x6 (size before relaxing)
 *(.gnu.linkonce.t.*)
                0x0000000000003268                . = ALIGN (0x4)

.rela.dyn       0x0000000000003268        0x0
 .rela.init     0x0000000000003268        0x0 ./screen/GUI_Paint.o
 .rela.text.handle_reset
                0x0000000000003268        0x0 ./screen/GUI_Paint.o

.fini           0x0000000000003268        0x0
 *(SORT_NONE(.fini))
                0x0000000000003268                . = ALIGN (0x4)
                [!provide]                        PROVIDE (_etext = .)
                [!provide]                        PROVIDE (_eitcm = .)

.preinit_array  0x0000000000003268        0x0
                [!provide]                        PROVIDE (__preinit_array_start = .)
 *(.preinit_array)
                [!provide]                        PROVIDE (__preinit_array_end = .)

.init_array     0x0000000000003268        0x0
                [!provide]                        PROVIDE (__init_array_start = .)
 *(SORT_BY_INIT_PRIORITY(.init_array.*) SORT_BY_INIT_PRIORITY(.ctors.*))
 *(.init_array EXCLUDE_FILE(*crtend?.o *crtend.o *crtbegin?.o *crtbegin.o) .ctors)
                [!provide]                        PROVIDE (__init_array_end = .)

.fini_array     0x0000000000003268        0x0
                [!provide]                        PROVIDE (__fini_array_start = .)
 *(SORT_BY_INIT_PRIORITY(.fini_array.*) SORT_BY_INIT_PRIORITY(.dtors.*))
 *(.fini_array EXCLUDE_FILE(*crtend?.o *crtend.o *crtbegin?.o *crtbegin.o) .dtors)
                [!provide]                        PROVIDE (__fini_array_end = .)

.ctors
 *crtbegin.o(.ctors)
 *crtbegin?.o(.ctors)
 *(EXCLUDE_FILE(*crtend?.o *crtend.o) .ctors)
 *(SORT_BY_NAME(.ctors.*))
 *(.ctors)

.dtors
 *crtbegin.o(.dtors)
 *crtbegin?.o(.dtors)
 *(EXCLUDE_FILE(*crtend?.o *crtend.o) .dtors)
 *(SORT_BY_NAME(.dtors.*))
 *(.dtors)

.dalign         0x0000000020000000        0x0 load address 0x0000000000003268
                0x0000000020000000                . = ALIGN (0x4)
                0x0000000020000000                PROVIDE (_data_vma = .)

.dlalign        0x0000000000003268        0x0
                0x0000000000003268                . = ALIGN (0x4)
                0x0000000000003268                PROVIDE (_data_lma = .)

.data           0x0000000020000000       0x98 load address 0x0000000000003268
                0x0000000020000000                . = ALIGN (0x4)
 *(.gnu.linkonce.r.*)
 *(.data .data.*)
 .data.Fontline
                0x0000000020000000        0x8 ./screen/font12.o
                0x0000000020000000                Fontline
 .data.Font16_Bat
                0x0000000020000008        0x8 ./screen/font16.o
                0x0000000020000008                Font16_Bat
 .data.Font16_En
                0x0000000020000010        0x8 ./screen/font16.o
                0x0000000020000010                Font16_En
 .data.Font16_Num
                0x0000000020000018        0x8 ./screen/font16.o
                0x0000000020000018                Font16_Num
 .data.fan_speed
                0x0000000020000020        0x1 ./screen/page.o
                0x0000000020000020                fan_speed
 .data.led_light
                0x0000000020000021        0x1 ./screen/page.o
                0x0000000020000021                led_light
 .data.needShowBattery.5131
                0x0000000020000022        0x1 ./screen/page.o
 .data.refreshState
                0x0000000020000023        0x1 ./screen/page.o
                0x0000000020000023                refreshState
 .data.settings
                0x0000000020000024       0x24 ./screen/page.o
                0x0000000020000024                settings
 .data.Prepercentage.4852
                0x0000000020000048        0x1 ./adc/adc.o
 *fill*         0x0000000020000049        0x3 
 .data.key      0x000000002000004c       0x10 ./User/ch32v00x_it.o
                0x000000002000004c                key
 .data.AHBPrescTable
                0x000000002000005c       0x10 ./User/system_ch32v00x.o
                0x000000002000005c                AHBPrescTable
 .data.SystemCoreClock
                0x000000002000006c        0x4 ./User/system_ch32v00x.o
                0x000000002000006c                SystemCoreClock
 .data.ADCPrescTable
                0x0000000020000070       0x14 ./Peripheral/src/ch32v00x_rcc.o
 .data.APBAHBPrescTable
                0x0000000020000084       0x10 ./Peripheral/src/ch32v00x_rcc.o
 *(.gnu.linkonce.d.*)
                0x0000000020000098                . = ALIGN (0x8)
 *fill*         0x0000000020000094        0x4 
                0x0000000020000898                PROVIDE (__global_pointer$ = (. + 0x800))
 *(.sdata .sdata.*)
 *(.sdata2*)
 *(.gnu.linkonce.s.*)
                0x0000000020000098                . = ALIGN (0x8)
 *(.srodata.cst16)
 *(.srodata.cst8)
 *(.srodata.cst4)
 *(.srodata.cst2)
 *(.srodata .srodata.*)
                0x0000000020000098                . = ALIGN (0x4)
                0x0000000020000098                PROVIDE (_edata = .)

.bss            0x0000000020000098      0x198 load address 0x0000000000003300
                0x0000000020000098                . = ALIGN (0x4)
                0x0000000020000098                PROVIDE (_sbss = .)
 *(.sbss*)
 *(.gnu.linkonce.sb.*)
 *(.bss*)
 .bss.Paint     0x0000000020000098       0x18 ./screen/GUI_Paint.o
                0x0000000020000098                Paint
 .bss.dmaFont   0x00000000200000b0        0x4 ./screen/GUI_Paint.o
                0x00000000200000b0                dmaFont
 .bss.dmaXpoint
                0x00000000200000b4        0x1 ./screen/GUI_Paint.o
                0x00000000200000b4                dmaXpoint
 .bss.dmaYpoint
                0x00000000200000b5        0x1 ./screen/GUI_Paint.o
                0x00000000200000b5                dmaYpoint
 .bss.current_setting
                0x00000000200000b6        0x1 ./screen/page.o
                0x00000000200000b6                current_setting
 *fill*         0x00000000200000b7        0x1 
 .bss.LCD       0x00000000200000b8        0x6 ./screen/screen_api.o
                0x00000000200000b8                LCD
 .bss.dmaXoffset
                0x00000000200000be        0x1 ./screen/screen_api.o
                0x00000000200000be                dmaXoffset
 .bss.dmaYoffset
                0x00000000200000bf        0x1 ./screen/screen_api.o
                0x00000000200000bf                dmaYoffset
 .bss.lcd_gram  0x00000000200000c0      0x120 ./screen/screen_api.o
                0x00000000200000c0                lcd_gram
 .bss.precircle.4144
                0x00000000200001e0        0x4 ./encode/encode.o
 .bss.precnt.4143
                0x00000000200001e4        0x1 ./encode/encode.o
 *fill*         0x00000000200001e5        0x3 
 .bss.BattaryBuf
                0x00000000200001e8       0x1e ./adc/adc.o
                0x00000000200001e8                BattaryBuf
 .bss.percentage.4851
                0x0000000020000206        0x1 ./adc/adc.o
 *fill*         0x0000000020000207        0x1 
 .bss.Battery_ADC_Average
                0x0000000020000208        0x2 ./User/ch32v00x_it.o
                0x0000000020000208                Battery_ADC_Average
 *fill*         0x000000002000020a        0x2 
 .bss.SleepCounter
                0x000000002000020c        0x4 ./User/ch32v00x_it.o
                0x000000002000020c                SleepCounter
 .bss.charge    0x0000000020000210        0x4 ./User/ch32v00x_it.o
                0x0000000020000210                charge
 .bss.circle    0x0000000020000214        0x4 ./User/ch32v00x_it.o
                0x0000000020000214                circle
 .bss.dmaTransferComplete
                0x0000000020000218        0x1 ./User/ch32v00x_it.o
                0x0000000020000218                dmaTransferComplete
 *fill*         0x0000000020000219        0x3 
 .bss.encode_struct
                0x000000002000021c        0x8 ./User/ch32v00x_it.o
                0x000000002000021c                encode_struct
 .bss.needDeinit
                0x0000000020000224        0x1 ./User/ch32v00x_it.o
                0x0000000020000224                needDeinit
 .bss.needSleep
                0x0000000020000225        0x1 ./User/ch32v00x_it.o
                0x0000000020000225                needSleep
 .bss.pre_Battery_ADC_Average
                0x0000000020000226        0x2 ./User/ch32v00x_it.o
                0x0000000020000226                pre_Battery_ADC_Average
 .bss.NVIC_Priority_Group
                0x0000000020000228        0x4 ./Peripheral/src/ch32v00x_misc.o
                0x0000000020000228                NVIC_Priority_Group
 .bss.p_ms      0x000000002000022c        0x2 ./Debug/debug.o
 .bss.p_us      0x000000002000022e        0x1 ./Debug/debug.o
 *(.gnu.linkonce.b.*)
 *(COMMON*)
                0x0000000020000230                . = ALIGN (0x4)
 *fill*         0x000000002000022f        0x1 
                0x0000000020000230                PROVIDE (_ebss = .)
                0x0000000020000230                PROVIDE (_end = _ebss)
                [!provide]                        PROVIDE (end = .)

.stack          0x0000000020000700      0x100
                0x0000000020000700                PROVIDE (_heap_end = .)
                0x0000000020000700                . = ALIGN (0x4)
                [!provide]                        PROVIDE (_susrstack = .)
                0x0000000020000800                . = (. + __stack_size)
 *fill*         0x0000000020000700      0x100 
                0x0000000020000800                PROVIDE (_eusrstack = .)
OUTPUT(newmsg.elf elf32-littleriscv)

.debug_info     0x0000000000000000    0x1d456
 .debug_info    0x0000000000000000     0x28cf ./screen/GUI_Paint.o
 .debug_info    0x00000000000028cf     0x121e ./screen/drive_screen.o
 .debug_info    0x0000000000003aed      0x1e1 ./screen/font12.o
 .debug_info    0x0000000000003cce      0x330 ./screen/font16.o
 .debug_info    0x0000000000003ffe     0x18ea ./screen/page.o
 .debug_info    0x00000000000058e8     0x23ec ./screen/screen_api.o
 .debug_info    0x0000000000007cd4      0xcf4 ./encode/encode.o
 .debug_info    0x00000000000089c8     0x19a8 ./adc/adc.o
 .debug_info    0x000000000000a370     0x19d2 ./User/ch32v00x_it.o
 .debug_info    0x000000000000bd42      0xfd7 ./User/main.o
 .debug_info    0x000000000000cd19      0xc83 ./User/system_ch32v00x.o
 .debug_info    0x000000000000d99c     0x1546 ./Time/time_app.o
 .debug_info    0x000000000000eee2       0x22 ./Startup/startup_ch32v00x.o
 .debug_info    0x000000000000ef04     0x1576 ./Peripheral/src/ch32v00x_adc.o
 .debug_info    0x000000000001047a      0xd7f ./Peripheral/src/ch32v00x_dma.o
 .debug_info    0x00000000000111f9      0xc85 ./Peripheral/src/ch32v00x_exti.o
 .debug_info    0x0000000000011e7e     0x1084 ./Peripheral/src/ch32v00x_gpio.o
 .debug_info    0x0000000000012f02      0xb96 ./Peripheral/src/ch32v00x_iwdg.o
 .debug_info    0x0000000000013a98      0xe32 ./Peripheral/src/ch32v00x_misc.o
 .debug_info    0x00000000000148ca      0xecf ./Peripheral/src/ch32v00x_pwr.o
 .debug_info    0x0000000000015799     0x10dc ./Peripheral/src/ch32v00x_rcc.o
 .debug_info    0x0000000000016875     0x10b4 ./Peripheral/src/ch32v00x_spi.o
 .debug_info    0x0000000000017929     0x281d ./Peripheral/src/ch32v00x_tim.o
 .debug_info    0x000000000001a146     0x13a1 ./Peripheral/src/ch32v00x_usart.o
 .debug_info    0x000000000001b4e7      0xe15 ./Gpio/gpio.o
 .debug_info    0x000000000001c2fc     0x115a ./Debug/debug.o

.debug_abbrev   0x0000000000000000     0x4cf9
 .debug_abbrev  0x0000000000000000      0x437 ./screen/GUI_Paint.o
 .debug_abbrev  0x0000000000000437      0x318 ./screen/drive_screen.o
 .debug_abbrev  0x000000000000074f       0xc1 ./screen/font12.o
 .debug_abbrev  0x0000000000000810       0xca ./screen/font16.o
 .debug_abbrev  0x00000000000008da      0x3a7 ./screen/page.o
 .debug_abbrev  0x0000000000000c81      0x515 ./screen/screen_api.o
 .debug_abbrev  0x0000000000001196      0x285 ./encode/encode.o
 .debug_abbrev  0x000000000000141b      0x3d8 ./adc/adc.o
 .debug_abbrev  0x00000000000017f3      0x3f5 ./User/ch32v00x_it.o
 .debug_abbrev  0x0000000000001be8      0x24f ./User/main.o
 .debug_abbrev  0x0000000000001e37      0x2e5 ./User/system_ch32v00x.o
 .debug_abbrev  0x000000000000211c      0x2d4 ./Time/time_app.o
 .debug_abbrev  0x00000000000023f0       0x12 ./Startup/startup_ch32v00x.o
 .debug_abbrev  0x0000000000002402      0x316 ./Peripheral/src/ch32v00x_adc.o
 .debug_abbrev  0x0000000000002718      0x311 ./Peripheral/src/ch32v00x_dma.o
 .debug_abbrev  0x0000000000002a29      0x2e9 ./Peripheral/src/ch32v00x_exti.o
 .debug_abbrev  0x0000000000002d12      0x318 ./Peripheral/src/ch32v00x_gpio.o
 .debug_abbrev  0x000000000000302a      0x291 ./Peripheral/src/ch32v00x_iwdg.o
 .debug_abbrev  0x00000000000032bb      0x2f9 ./Peripheral/src/ch32v00x_misc.o
 .debug_abbrev  0x00000000000035b4      0x359 ./Peripheral/src/ch32v00x_pwr.o
 .debug_abbrev  0x000000000000390d      0x398 ./Peripheral/src/ch32v00x_rcc.o
 .debug_abbrev  0x0000000000003ca5      0x312 ./Peripheral/src/ch32v00x_spi.o
 .debug_abbrev  0x0000000000003fb7      0x3db ./Peripheral/src/ch32v00x_tim.o
 .debug_abbrev  0x0000000000004392      0x332 ./Peripheral/src/ch32v00x_usart.o
 .debug_abbrev  0x00000000000046c4      0x287 ./Gpio/gpio.o
 .debug_abbrev  0x000000000000494b      0x3ae ./Debug/debug.o

.debug_loc      0x0000000000000000     0x72ff
 .debug_loc     0x0000000000000000     0x1dde ./screen/GUI_Paint.o
 .debug_loc     0x0000000000001dde      0x135 ./screen/drive_screen.o
 .debug_loc     0x0000000000001f13      0x559 ./screen/page.o
 .debug_loc     0x000000000000246c      0x845 ./screen/screen_api.o
 .debug_loc     0x0000000000002cb1       0x42 ./encode/encode.o
 .debug_loc     0x0000000000002cf3      0x420 ./adc/adc.o
 .debug_loc     0x0000000000003113       0x28 ./User/ch32v00x_it.o
 .debug_loc     0x000000000000313b       0x83 ./User/system_ch32v00x.o
 .debug_loc     0x00000000000031be       0xe7 ./Time/time_app.o
 .debug_loc     0x00000000000032a5      0x9fa ./Peripheral/src/ch32v00x_adc.o
 .debug_loc     0x0000000000003c9f      0x14a ./Peripheral/src/ch32v00x_dma.o
 .debug_loc     0x0000000000003de9      0x181 ./Peripheral/src/ch32v00x_exti.o
 .debug_loc     0x0000000000003f6a      0x5e2 ./Peripheral/src/ch32v00x_gpio.o
 .debug_loc     0x000000000000454c       0x68 ./Peripheral/src/ch32v00x_iwdg.o
 .debug_loc     0x00000000000045b4       0x2d ./Peripheral/src/ch32v00x_misc.o
 .debug_loc     0x00000000000045e1      0x12a ./Peripheral/src/ch32v00x_pwr.o
 .debug_loc     0x000000000000470b      0x5e3 ./Peripheral/src/ch32v00x_rcc.o
 .debug_loc     0x0000000000004cee      0x429 ./Peripheral/src/ch32v00x_spi.o
 .debug_loc     0x0000000000005117     0x16d4 ./Peripheral/src/ch32v00x_tim.o
 .debug_loc     0x00000000000067eb      0x735 ./Peripheral/src/ch32v00x_usart.o
 .debug_loc     0x0000000000006f20       0x6f ./Gpio/gpio.o
 .debug_loc     0x0000000000006f8f      0x370 ./Debug/debug.o

.debug_aranges  0x0000000000000000      0xd18
 .debug_aranges
                0x0000000000000000       0xa0 ./screen/GUI_Paint.o
 .debug_aranges
                0x00000000000000a0       0x48 ./screen/drive_screen.o
 .debug_aranges
                0x00000000000000e8       0x18 ./screen/font12.o
 .debug_aranges
                0x0000000000000100       0x18 ./screen/font16.o
 .debug_aranges
                0x0000000000000118       0x68 ./screen/page.o
 .debug_aranges
                0x0000000000000180       0x98 ./screen/screen_api.o
 .debug_aranges
                0x0000000000000218       0x28 ./encode/encode.o
 .debug_aranges
                0x0000000000000240       0x48 ./adc/adc.o
 .debug_aranges
                0x0000000000000288       0x80 ./User/ch32v00x_it.o
 .debug_aranges
                0x0000000000000308       0x20 ./User/main.o
 .debug_aranges
                0x0000000000000328       0x28 ./User/system_ch32v00x.o
 .debug_aranges
                0x0000000000000350       0x48 ./Time/time_app.o
 .debug_aranges
                0x0000000000000398       0x30 ./Startup/startup_ch32v00x.o
 .debug_aranges
                0x00000000000003c8      0x138 ./Peripheral/src/ch32v00x_adc.o
 .debug_aranges
                0x0000000000000500       0x60 ./Peripheral/src/ch32v00x_dma.o
 .debug_aranges
                0x0000000000000560       0x50 ./Peripheral/src/ch32v00x_exti.o
 .debug_aranges
                0x00000000000005b0       0x98 ./Peripheral/src/ch32v00x_gpio.o
 .debug_aranges
                0x0000000000000648       0x48 ./Peripheral/src/ch32v00x_iwdg.o
 .debug_aranges
                0x0000000000000690       0x28 ./Peripheral/src/ch32v00x_misc.o
 .debug_aranges
                0x00000000000006b8       0x58 ./Peripheral/src/ch32v00x_pwr.o
 .debug_aranges
                0x0000000000000710       0xe0 ./Peripheral/src/ch32v00x_rcc.o
 .debug_aranges
                0x00000000000007f0       0xb8 ./Peripheral/src/ch32v00x_spi.o
 .debug_aranges
                0x00000000000008a8      0x2d8 ./Peripheral/src/ch32v00x_tim.o
 .debug_aranges
                0x0000000000000b80      0x100 ./Peripheral/src/ch32v00x_usart.o
 .debug_aranges
                0x0000000000000c80       0x30 ./Gpio/gpio.o
 .debug_aranges
                0x0000000000000cb0       0x68 ./Debug/debug.o

.debug_ranges   0x0000000000000000      0xe98
 .debug_ranges  0x0000000000000000      0x158 ./screen/GUI_Paint.o
 .debug_ranges  0x0000000000000158       0x38 ./screen/drive_screen.o
 .debug_ranges  0x0000000000000190       0x58 ./screen/page.o
 .debug_ranges  0x00000000000001e8      0x180 ./screen/screen_api.o
 .debug_ranges  0x0000000000000368       0x18 ./encode/encode.o
 .debug_ranges  0x0000000000000380       0xc0 ./adc/adc.o
 .debug_ranges  0x0000000000000440       0xa8 ./User/ch32v00x_it.o
 .debug_ranges  0x00000000000004e8       0x10 ./User/main.o
 .debug_ranges  0x00000000000004f8       0x18 ./User/system_ch32v00x.o
 .debug_ranges  0x0000000000000510       0x38 ./Time/time_app.o
 .debug_ranges  0x0000000000000548       0x28 ./Startup/startup_ch32v00x.o
 .debug_ranges  0x0000000000000570      0x128 ./Peripheral/src/ch32v00x_adc.o
 .debug_ranges  0x0000000000000698       0x50 ./Peripheral/src/ch32v00x_dma.o
 .debug_ranges  0x00000000000006e8       0x40 ./Peripheral/src/ch32v00x_exti.o
 .debug_ranges  0x0000000000000728       0x88 ./Peripheral/src/ch32v00x_gpio.o
 .debug_ranges  0x00000000000007b0       0x38 ./Peripheral/src/ch32v00x_iwdg.o
 .debug_ranges  0x00000000000007e8       0x48 ./Peripheral/src/ch32v00x_misc.o
 .debug_ranges  0x0000000000000830       0x88 ./Peripheral/src/ch32v00x_pwr.o
 .debug_ranges  0x00000000000008b8       0xd0 ./Peripheral/src/ch32v00x_rcc.o
 .debug_ranges  0x0000000000000988       0xa8 ./Peripheral/src/ch32v00x_spi.o
 .debug_ranges  0x0000000000000a30      0x2c8 ./Peripheral/src/ch32v00x_tim.o
 .debug_ranges  0x0000000000000cf8       0xf0 ./Peripheral/src/ch32v00x_usart.o
 .debug_ranges  0x0000000000000de8       0x20 ./Gpio/gpio.o
 .debug_ranges  0x0000000000000e08       0x90 ./Debug/debug.o

.debug_line     0x0000000000000000    0x11188
 .debug_line    0x0000000000000000     0x1bd4 ./screen/GUI_Paint.o
 .debug_line    0x0000000000001bd4      0x706 ./screen/drive_screen.o
 .debug_line    0x00000000000022da      0x115 ./screen/font12.o
 .debug_line    0x00000000000023ef      0x115 ./screen/font16.o
 .debug_line    0x0000000000002504      0xba9 ./screen/page.o
 .debug_line    0x00000000000030ad     0x10c4 ./screen/screen_api.o
 .debug_line    0x0000000000004171      0x4ba ./encode/encode.o
 .debug_line    0x000000000000462b      0xb59 ./adc/adc.o
 .debug_line    0x0000000000005184      0xde3 ./User/ch32v00x_it.o
 .debug_line    0x0000000000005f67      0x553 ./User/main.o
 .debug_line    0x00000000000064ba      0x5bd ./User/system_ch32v00x.o
 .debug_line    0x0000000000006a77      0x77f ./Time/time_app.o
 .debug_line    0x00000000000071f6      0x112 ./Startup/startup_ch32v00x.o
 .debug_line    0x0000000000007308     0x1436 ./Peripheral/src/ch32v00x_adc.o
 .debug_line    0x000000000000873e      0x791 ./Peripheral/src/ch32v00x_dma.o
 .debug_line    0x0000000000008ecf      0x5ca ./Peripheral/src/ch32v00x_exti.o
 .debug_line    0x0000000000009499      0xbf1 ./Peripheral/src/ch32v00x_gpio.o
 .debug_line    0x000000000000a08a      0x3e9 ./Peripheral/src/ch32v00x_iwdg.o
 .debug_line    0x000000000000a473      0x3d1 ./Peripheral/src/ch32v00x_misc.o
 .debug_line    0x000000000000a844      0x64d ./Peripheral/src/ch32v00x_pwr.o
 .debug_line    0x000000000000ae91      0xdf8 ./Peripheral/src/ch32v00x_rcc.o
 .debug_line    0x000000000000bc89      0x9cb ./Peripheral/src/ch32v00x_spi.o
 .debug_line    0x000000000000c654     0x2d64 ./Peripheral/src/ch32v00x_tim.o
 .debug_line    0x000000000000f3b8      0xf02 ./Peripheral/src/ch32v00x_usart.o
 .debug_line    0x00000000000102ba      0x3d1 ./Gpio/gpio.o
 .debug_line    0x000000000001068b      0xafd ./Debug/debug.o

.debug_str      0x0000000000000000     0x3eac
 .debug_str     0x0000000000000000      0xba9 ./screen/GUI_Paint.o
                                        0xc83 (size before relaxing)
 .debug_str     0x0000000000000ba9      0x5c8 ./screen/drive_screen.o
                                        0xbd3 (size before relaxing)
 .debug_str     0x0000000000001171       0x36 ./screen/font12.o
                                        0x262 (size before relaxing)
 .debug_str     0x00000000000011a7       0x8c ./screen/font16.o
                                        0x2cb (size before relaxing)
 .debug_str     0x0000000000001233      0x421 ./screen/page.o
                                        0xd0a (size before relaxing)
 .debug_str     0x0000000000001654      0x2ba ./screen/screen_api.o
                                        0xe6c (size before relaxing)
 .debug_str     0x000000000000190e       0x5d ./encode/encode.o
                                        0x7b0 (size before relaxing)
 .debug_str     0x000000000000196b      0x2b5 ./adc/adc.o
                                        0xeac (size before relaxing)
 .debug_str     0x0000000000001c20      0x3f6 ./User/ch32v00x_it.o
                                       0x10ae (size before relaxing)
 .debug_str     0x0000000000002016       0x86 ./User/main.o
                                        0x997 (size before relaxing)
 .debug_str     0x000000000000209c       0xea ./User/system_ch32v00x.o
                                        0x724 (size before relaxing)
 .debug_str     0x0000000000002186      0x36f ./Time/time_app.o
                                        0xd1f (size before relaxing)
 .debug_str     0x00000000000024f5       0x2a ./Startup/startup_ch32v00x.o
                                         0x59 (size before relaxing)
 .debug_str     0x000000000000251f      0x37c ./Peripheral/src/ch32v00x_adc.o
                                        0xb9f (size before relaxing)
 .debug_str     0x000000000000289b       0xc4 ./Peripheral/src/ch32v00x_dma.o
                                        0x81a (size before relaxing)
 .debug_str     0x000000000000295f       0xaf ./Peripheral/src/ch32v00x_exti.o
                                        0x7c8 (size before relaxing)
 .debug_str     0x0000000000002a0e      0x1a1 ./Peripheral/src/ch32v00x_gpio.o
                                        0x958 (size before relaxing)
 .debug_str     0x0000000000002baf       0x76 ./Peripheral/src/ch32v00x_iwdg.o
                                        0x70e (size before relaxing)
 .debug_str     0x0000000000002c25       0x73 ./Peripheral/src/ch32v00x_misc.o
                                        0x934 (size before relaxing)
 .debug_str     0x0000000000002c98       0xc2 ./Peripheral/src/ch32v00x_pwr.o
                                        0x7f5 (size before relaxing)
 .debug_str     0x0000000000002d5a      0x279 ./Peripheral/src/ch32v00x_rcc.o
                                        0x9c6 (size before relaxing)
 .debug_str     0x0000000000002fd3      0x17d ./Peripheral/src/ch32v00x_spi.o
                                        0x94e (size before relaxing)
 .debug_str     0x0000000000003150      0x822 ./Peripheral/src/ch32v00x_tim.o
                                       0x126a (size before relaxing)
 .debug_str     0x0000000000003972      0x3e8 ./Peripheral/src/ch32v00x_usart.o
                                        0xb15 (size before relaxing)
 .debug_str     0x0000000000003d5a       0x2c ./Gpio/gpio.o
                                        0x7ac (size before relaxing)
 .debug_str     0x0000000000003d86      0x126 ./Debug/debug.o
                                        0xa05 (size before relaxing)

.comment        0x0000000000000000       0x33
 .comment       0x0000000000000000       0x33 ./screen/GUI_Paint.o
                                         0x34 (size before relaxing)
 .comment       0x0000000000000033       0x34 ./screen/drive_screen.o
 .comment       0x0000000000000033       0x34 ./screen/font12.o
 .comment       0x0000000000000033       0x34 ./screen/font16.o
 .comment       0x0000000000000033       0x34 ./screen/page.o
 .comment       0x0000000000000033       0x34 ./screen/screen_api.o
 .comment       0x0000000000000033       0x34 ./encode/encode.o
 .comment       0x0000000000000033       0x34 ./adc/adc.o
 .comment       0x0000000000000033       0x34 ./User/ch32v00x_it.o
 .comment       0x0000000000000033       0x34 ./User/main.o
 .comment       0x0000000000000033       0x34 ./User/system_ch32v00x.o
 .comment       0x0000000000000033       0x34 ./Time/time_app.o
 .comment       0x0000000000000033       0x34 ./Peripheral/src/ch32v00x_adc.o
 .comment       0x0000000000000033       0x34 ./Peripheral/src/ch32v00x_dma.o
 .comment       0x0000000000000033       0x34 ./Peripheral/src/ch32v00x_exti.o
 .comment       0x0000000000000033       0x34 ./Peripheral/src/ch32v00x_gpio.o
 .comment       0x0000000000000033       0x34 ./Peripheral/src/ch32v00x_iwdg.o
 .comment       0x0000000000000033       0x34 ./Peripheral/src/ch32v00x_misc.o
 .comment       0x0000000000000033       0x34 ./Peripheral/src/ch32v00x_pwr.o
 .comment       0x0000000000000033       0x34 ./Peripheral/src/ch32v00x_rcc.o
 .comment       0x0000000000000033       0x34 ./Peripheral/src/ch32v00x_spi.o
 .comment       0x0000000000000033       0x34 ./Peripheral/src/ch32v00x_tim.o
 .comment       0x0000000000000033       0x34 ./Peripheral/src/ch32v00x_usart.o
 .comment       0x0000000000000033       0x34 ./Gpio/gpio.o
 .comment       0x0000000000000033       0x34 ./Debug/debug.o

.debug_frame    0x0000000000000000     0x1df4
 .debug_frame   0x0000000000000000      0x268 ./screen/GUI_Paint.o
 .debug_frame   0x0000000000000268       0xc4 ./screen/drive_screen.o
 .debug_frame   0x000000000000032c      0x13c ./screen/page.o
 .debug_frame   0x0000000000000468      0x238 ./screen/screen_api.o
 .debug_frame   0x00000000000006a0       0x48 ./encode/encode.o
 .debug_frame   0x00000000000006e8       0xf0 ./adc/adc.o
 .debug_frame   0x00000000000007d8      0x140 ./User/ch32v00x_it.o
 .debug_frame   0x0000000000000918       0x28 ./User/main.o
 .debug_frame   0x0000000000000940       0x50 ./User/system_ch32v00x.o
 .debug_frame   0x0000000000000990       0xdc ./Time/time_app.o
 .debug_frame   0x0000000000000a6c      0x26c ./Peripheral/src/ch32v00x_adc.o
 .debug_frame   0x0000000000000cd8       0xcc ./Peripheral/src/ch32v00x_dma.o
 .debug_frame   0x0000000000000da4       0x90 ./Peripheral/src/ch32v00x_exti.o
 .debug_frame   0x0000000000000e34      0x154 ./Peripheral/src/ch32v00x_gpio.o
 .debug_frame   0x0000000000000f88       0x70 ./Peripheral/src/ch32v00x_iwdg.o
 .debug_frame   0x0000000000000ff8       0x30 ./Peripheral/src/ch32v00x_misc.o
 .debug_frame   0x0000000000001028       0xa4 ./Peripheral/src/ch32v00x_pwr.o
 .debug_frame   0x00000000000010cc      0x1dc ./Peripheral/src/ch32v00x_rcc.o
 .debug_frame   0x00000000000012a8      0x15c ./Peripheral/src/ch32v00x_spi.o
 .debug_frame   0x0000000000001404      0x624 ./Peripheral/src/ch32v00x_tim.o
 .debug_frame   0x0000000000001a28      0x204 ./Peripheral/src/ch32v00x_usart.o
 .debug_frame   0x0000000000001c2c       0x6c ./Gpio/gpio.o
 .debug_frame   0x0000000000001c98      0x13c ./Debug/debug.o
 .debug_frame   0x0000000000001dd4       0x20 h:/mounriver/mounriver_studio/toolchain/risc-v embedded gcc/bin/../lib/gcc/riscv-none-embed/8.2.0/../../../../riscv-none-embed/lib/rv32ecxw/ilp32e\libg_nano.a(lib_a-strlen.o)
