Archive member included to satisfy reference by file (symbol)

h:/mounriver/mounriver_studio/toolchain/risc-v embedded gcc/bin/../lib/gcc/riscv-none-embed/8.2.0/../../../../riscv-none-embed/lib/rv32ecxw/ilp32e\libprintf.a(wchprintf.o)
                              ./screen/GUI_Paint.o (printf)
h:/mounriver/mounriver_studio/toolchain/risc-v embedded gcc/bin/../lib/gcc/riscv-none-embed/8.2.0/rv32ecxw/ilp32e\libgcc.a(save-restore.o)
                              ./screen/GUI_Paint.o (__riscv_save_2)
h:/mounriver/mounriver_studio/toolchain/risc-v embedded gcc/bin/../lib/gcc/riscv-none-embed/8.2.0/rv32ecxw/ilp32e\libgcc.a(muldi3.o)
                              ./screen/GUI_Paint.o (__mulsi3)
h:/mounriver/mounriver_studio/toolchain/risc-v embedded gcc/bin/../lib/gcc/riscv-none-embed/8.2.0/rv32ecxw/ilp32e\libgcc.a(div.o)
                              ./screen/GUI_Paint.o (__divsi3)
h:/mounriver/mounriver_studio/toolchain/risc-v embedded gcc/bin/../lib/gcc/riscv-none-embed/8.2.0/../../../../riscv-none-embed/lib/rv32ecxw/ilp32e\libg_nano.a(lib_a-memset.o)
                              ./screen/GUI_Paint.o (memset)

Discarded input sections

 .text          0x0000000000000000        0x0 ./screen/GUI_Paint.o
 .data          0x0000000000000000        0x0 ./screen/GUI_Paint.o
 .bss           0x0000000000000000        0x0 ./screen/GUI_Paint.o
 .text.Paint_SetRotate
                0x0000000000000000       0x26 ./screen/GUI_Paint.o
 .text.Paint_SetMirroring
                0x0000000000000000       0x16 ./screen/GUI_Paint.o
 .text.Paint_ClearWindows
                0x0000000000000000       0x52 ./screen/GUI_Paint.o
 .text.Paint_DrawPoint
                0x0000000000000000       0x20 ./screen/GUI_Paint.o
 .text.Paint_DrawCircle
                0x0000000000000000      0x2ec ./screen/GUI_Paint.o
 .text.Paint_Drawicon
                0x0000000000000000      0x1c6 ./screen/GUI_Paint.o
 .text.Paint_DrawString_CN
                0x0000000000000000      0x10c ./screen/GUI_Paint.o
 .text.Paint_DrawNum
                0x0000000000000000       0xca ./screen/GUI_Paint.o
 .text.Paint_DrawTime
                0x0000000000000000      0x21c ./screen/GUI_Paint.o
 .text.Paint_DrawImage
                0x0000000000000000       0x8e ./screen/GUI_Paint.o
 .rodata.Paint_Drawicon.str1.4
                0x0000000000000000       0x2f ./screen/GUI_Paint.o
 .text          0x0000000000000000        0x0 ./screen/drive_screen.o
 .data          0x0000000000000000        0x0 ./screen/drive_screen.o
 .bss           0x0000000000000000        0x0 ./screen/drive_screen.o
 .text.delay_us
                0x0000000000000000        0x2 ./screen/drive_screen.o
 .text          0x0000000000000000        0x0 ./screen/font12.o
 .data          0x0000000000000000        0x0 ./screen/font12.o
 .bss           0x0000000000000000        0x0 ./screen/font12.o
 .data.Font12   0x0000000000000000        0x8 ./screen/font12.o
 .data.Font12_En
                0x0000000000000000        0x8 ./screen/font12.o
 .rodata.Font12_Table
                0x0000000000000000      0x474 ./screen/font12.o
 .text          0x0000000000000000        0x0 ./screen/font16.o
 .data          0x0000000000000000        0x0 ./screen/font16.o
 .bss           0x0000000000000000        0x0 ./screen/font16.o
 .data.Font16   0x0000000000000000        0x8 ./screen/font16.o
 .data.Font16_Operate
                0x0000000000000000        0x8 ./screen/font16.o
 .data.Font16_button
                0x0000000000000000        0x8 ./screen/font16.o
 .data.Font16_cycle
                0x0000000000000000        0x8 ./screen/font16.o
 .rodata.Font16_Button
                0x0000000000000000       0x40 ./screen/font16.o
 .rodata.Font16_Cycle
                0x0000000000000000       0x16 ./screen/font16.o
 .rodata.Font16_Table
                0x0000000000000000      0xbe0 ./screen/font16.o
 .rodata.Font16_operate
                0x0000000000000000       0x1e ./screen/font16.o
 .text          0x0000000000000000        0x0 ./screen/font24.o
 .data          0x0000000000000000        0x0 ./screen/font24.o
 .bss           0x0000000000000000        0x0 ./screen/font24.o
 .data.Font24CN
                0x0000000000000000        0xc ./screen/font24.o
 .data.Font24_En
                0x0000000000000000        0x8 ./screen/font24.o
 .data.Font24_Num
                0x0000000000000000        0x8 ./screen/font24.o
 .data.Font24_icon
                0x0000000000000000        0x8 ./screen/font24.o
 .data.Font24_logo
                0x0000000000000000        0x8 ./screen/font24.o
 .rodata.Font24CN_Table
                0x0000000000000000      0x14c ./screen/font24.o
 .rodata.Font24_English
                0x0000000000000000      0x750 ./screen/font24.o
 .rodata.Font24_Icon
                0x0000000000000000      0x120 ./screen/font24.o
 .rodata.Font24_Logo
                0x0000000000000000      0x120 ./screen/font24.o
 .rodata.Font24_Number
[...]
Memory Configuration

Name             Origin             Length             Attributes
FLASH            0x0000000000000000 0x0000000000004000 xr
RAM              0x0000000020000000 0x0000000000000800 xrw
*default*        0x0000000000000000 0xffffffffffffffff

Linker script and memory map

LOAD ./screen/GUI_Paint.o
LOAD ./screen/drive_screen.o
LOAD ./screen/font12.o
LOAD ./screen/font16.o
LOAD ./screen/font24.o
LOAD ./screen/font8.o
LOAD ./screen/page.o
LOAD ./screen/screen_api.o
LOAD ./pwm/pwm.o
LOAD ./encode/encode.o
LOAD ./adc/adc.o
LOAD ./User/ch32v00x_it.o
LOAD ./User/main.o
LOAD ./User/system_ch32v00x.o
LOAD ./Time/time_app.o
LOAD ./Startup/startup_ch32v00x.o
LOAD ./Peripheral/src/ch32v00x_adc.o
LOAD ./Peripheral/src/ch32v00x_dbgmcu.o
LOAD ./Peripheral/src/ch32v00x_dma.o
LOAD ./Peripheral/src/ch32v00x_exti.o
LOAD ./Peripheral/src/ch32v00x_flash.o
LOAD ./Peripheral/src/ch32v00x_gpio.o
LOAD ./Peripheral/src/ch32v00x_i2c.o
LOAD ./Peripheral/src/ch32v00x_iwdg.o
LOAD ./Peripheral/src/ch32v00x_misc.o
LOAD ./Peripheral/src/ch32v00x_opa.o
LOAD ./Peripheral/src/ch32v00x_pwr.o
LOAD ./Peripheral/src/ch32v00x_rcc.o
LOAD ./Peripheral/src/ch32v00x_spi.o
LOAD ./Peripheral/src/ch32v00x_tim.o
LOAD ./Peripheral/src/ch32v00x_usart.o
LOAD ./Peripheral/src/ch32v00x_wwdg.o
LOAD ./Gpio/gpio.o
LOAD ./Debug/debug.o
LOAD ./Core/core_riscv.o
LOAD h:/mounriver/mounriver_studio/toolchain/risc-v embedded gcc/bin/../lib/gcc/riscv-none-embed/8.2.0/../../../../riscv-none-embed/lib/rv32ecxw/ilp32e\libprintf.a
LOAD h:/mounriver/mounriver_studio/toolchain/risc-v embedded gcc/bin/../lib/gcc/riscv-none-embed/8.2.0/rv32ecxw/ilp32e\libgcc.a
LOAD h:/mounriver/mounriver_studio/toolchain/risc-v embedded gcc/bin/../lib/gcc/riscv-none-embed/8.2.0/../../../../riscv-none-embed/lib/rv32ecxw/ilp32e\libg_nano.a
LOAD h:/mounriver/mounriver_studio/toolchain/risc-v embedded gcc/bin/../lib/gcc/riscv-none-embed/8.2.0/../../../../riscv-none-embed/lib/rv32ecxw/ilp32e\libc_nano.a
LOAD h:/mounriver/mounriver_studio/toolchain/risc-v embedded gcc/bin/../lib/gcc/riscv-none-embed/8.2.0/rv32ecxw/ilp32e\libgcc.a
START GROUP
LOAD h:/mounriver/mounriver_studio/toolchain/risc-v embedded gcc/bin/../lib/gcc/riscv-none-embed/8.2.0/rv32ecxw/ilp32e\libgcc.a
LOAD h:/mounriver/mounriver_studio/toolchain/risc-v embedded gcc/bin/../lib/gcc/riscv-none-embed/8.2.0/../../../../riscv-none-embed/lib/rv32ecxw/ilp32e\libc_nano.a
LOAD h:/mounriver/mounriver_studio/toolchain/risc-v embedded gcc/bin/../lib/gcc/riscv-none-embed/8.2.0/../../../../riscv-none-embed/lib/rv32ecxw/ilp32e\libnosys.a
END GROUP
START GROUP
LOAD h:/mounriver/mounriver_studio/toolchain/risc-v embedded gcc/bin/../lib/gcc/riscv-none-embed/8.2.0/rv32ecxw/ilp32e\libgcc.a
LOAD h:/mounriver/mounriver_studio/toolchain/risc-v embedded gcc/bin/../lib/gcc/riscv-none-embed/8.2.0/../../../../riscv-none-embed/lib/rv32ecxw/ilp32e\libc_nano.a
LOAD h:/mounriver/mounriver_studio/toolchain/risc-v embedded gcc/bin/../lib/gcc/riscv-none-embed/8.2.0/../../../../riscv-none-embed/lib/rv32ecxw/ilp32e\libnosys.a
END GROUP
                0x0000000000000100                __stack_size = 0x100
                [!provide]                        PROVIDE (_stack_size = __stack_size)

.init           0x0000000000000000       0xa0
                0x0000000000000000                _sinit = .
                0x0000000000000000                . = ALIGN (0x4)
 *(SORT_NONE(.init))
 .init          0x0000000000000000       0x9e ./Startup/startup_ch32v00x.o
                0x0000000000000000                _start
                0x00000000000000a0                . = ALIGN (0x4)
 *fill*         0x000000000000009e        0x2 
                0x00000000000000a0                _einit = .

.text           0x00000000000000a0     0x3a38
                0x00000000000000a0                . = ALIGN (0x4)
 *(.text)
 .text          0x00000000000000a0       0x14 h:/mounriver/mounriver_studio/toolchain/risc-v embedded gcc/bin/../lib/gcc/riscv-none-embed/8.2.0/rv32ecxw/ilp32e\libgcc.a(save-restore.o)
                0x00000000000000a0                __riscv_save_1
                0x00000000000000a0                __riscv_save_2
                0x00000000000000a0                __riscv_save_0
                0x00000000000000aa                __riscv_restore_0
                0x00000000000000aa                __riscv_restore_1
                0x00000000000000aa                __riscv_restore_2
 .text          0x00000000000000b4       0x16 h:/mounriver/mounriver_studio/toolchain/risc-v embedded gcc/bin/../lib/gcc/riscv-none-embed/8.2.0/rv32ecxw/ilp32e\libgcc.a(muldi3.o)
                0x00000000000000b4                __mulsi3
 *fill*         0x00000000000000ca        0x2 
 .text          0x00000000000000cc       0x7e h:/mounriver/mounriver_studio/toolchain/risc-v embedded gcc/bin/../lib/gcc/riscv-none-embed/8.2.0/rv32ecxw/ilp32e\libgcc.a(div.o)
                0x00000000000000cc                __divsi3
                0x00000000000000d4                __udivsi3
                0x0000000000000100                __umodsi3
                0x0000000000000124                __modsi3
 .text          0x000000000000014a       0xa8 h:/mounriver/mounriver_studio/toolchain/risc-v embedded gcc/bin/../lib/gcc/riscv-none-embed/8.2.0/../../../../riscv-none-embed/lib/rv32ecxw/ilp32e\libg_nano.a(lib_a-memset.o)
                0x000000000000014a                memset
 *(.text.*)
 .text.Paint_NewImage
                0x00000000000001f2       0x32 ./screen/GUI_Paint.o
                0x00000000000001f2                Paint_NewImage
 .text.Paint_SetPixel
                0x0000000000000224       0x70 ./screen/GUI_Paint.o
                0x0000000000000224                Paint_SetPixel
 .text.Paint_DrawPoint.part.0
                0x0000000000000294       0xa4 ./screen/GUI_Paint.o
 .text.Paint_DrawLine
                0x0000000000000338      0x10e ./screen/GUI_Paint.o
                0x0000000000000338                Paint_DrawLine
 .text.Paint_DrawRectangle
                0x0000000000000446       0x72 ./screen/GUI_Paint.o
                0x0000000000000446                Paint_DrawRectangle
 .text.Paint_DrawChar
                0x00000000000004b8      0x190 ./screen/GUI_Paint.o
                0x00000000000004b8                Paint_DrawChar
 .text.Paint_DrawString
                0x0000000000000648       0xc8 ./screen/GUI_Paint.o
                0x0000000000000648                Paint_DrawString
 .text.SPI_FullDuplex_Init
                0x0000000000000710       0x48 ./screen/drive_screen.o
                0x0000000000000710                SPI_FullDuplex_Init
 .text.SPI_DMA_Tx_Init
                0x0000000000000758       0x7a ./screen/drive_screen.o
                0x0000000000000758                SPI_DMA_Tx_Init
 .text.Screen_spi_write
                0x00000000000007d2       0x70 ./screen/drive_screen.o
                0x00000000000007d2                Screen_spi_write
 .text.FAN_SetSpeed
                0x0000000000000842       0x1a ./screen/page.o
                0x0000000000000842                FAN_SetSpeed
 .text.LED_SetLight
                0x000000000000085c       0x1a ./screen/page.o
                0x000000000000085c                LED_SetLight
 .text.update_current_setting
                0x0000000000000876       0x98 ./screen/page.o
                0x0000000000000876                update_current_setting
 .text.draw_setting
                0x000000000000090e      0x17c ./screen/page.o
                0x000000000000090e                draw_setting
 .text.display_settings
                0x0000000000000a8a       0x70 ./screen/page.o
                0x0000000000000a8a                display_settings
 .text.handle_setting_event
                0x0000000000000afa       0x90 ./screen/page.o
                0x0000000000000afa                handle_setting_event
 .text.setting_page
                0x0000000000000b8a       0x28 ./screen/page.o
                0x0000000000000b8a                setting_page
 .text.show_page
                0x0000000000000bb2       0x1e ./screen/page.o
                0x0000000000000bb2                show_page
 .text.Screen_SendData_8Bit
                0x0000000000000bd0       0x2c ./screen/screen_api.o
 .text.Screen_SendCommand
                0x0000000000000bfc       0x2c ./screen/screen_api.o
                0x0000000000000bfc                Screen_SendCommand
 .text.Screen_ExitSleepMode
                0x0000000000000c28       0x14 ./screen/screen_api.o
                0x0000000000000c28                Screen_ExitSleepMode
 .text.LCD_Drive_Init
                0x0000000000000c3c       0x42 ./screen/screen_api.o
                0x0000000000000c3c                LCD_Drive_Init
 .text.Screen_Init
                0x0000000000000c7e       0xd8 ./screen/screen_api.o
                0x0000000000000c7e                Screen_Init
 .text.Screen_SetWindows
                0x0000000000000d56       0x7a ./screen/screen_api.o
                0x0000000000000d56                Screen_SetWindows
 .text.Screen_Clear
                0x0000000000000dd0      0x132 ./screen/screen_api.o
                0x0000000000000dd0                Screen_Clear
 .text.LCD_SHOW_API_INIT
                0x0000000000000f02       0x2e ./screen/screen_api.o
                0x0000000000000f02                LCD_SHOW_API_INIT
 .text.LCD_Refrsh_DMA
                0x0000000000000f30      0x100 ./screen/screen_api.o
                0x0000000000000f30                LCD_Refrsh_DMA
 .text.Screen_DrawPaint
                0x0000000000001030       0x78 ./screen/screen_api.o
                0x0000000000001030                Screen_DrawPaint
 .text.Encoder_Scan
                0x00000000000010a8       0xd8 ./encode/encode.o
                0x00000000000010a8                Encoder_Scan
 .text.get_battery_percentage
                0x0000000000001180       0xa4 ./adc/adc.o
                0x0000000000001180                get_battery_percentage
 .text.DMA_Tx_Init
                0x0000000000001224       0x82 ./adc/adc.o
                0x0000000000001224                DMA_Tx_Init
 .text.Battery_Init
                0x00000000000012a6       0xd2 ./adc/adc.o
                0x00000000000012a6                Battery_Init
 .text.show_battery
                0x0000000000001378      0x22c ./adc/adc.o
                0x0000000000001378                show_battery
 .text.TIM2_IRQHandler
                0x00000000000015a4       0x4c ./User/ch32v00x_it.o
                0x00000000000015a4                TIM2_IRQHandler
 .text.refresh_SleepCounter
                0x00000000000015f0        0x6 ./User/ch32v00x_it.o
                0x00000000000015f0                refresh_SleepCounter
 .text.DMA1_Channel3_IRQHandler
                0x00000000000015f6       0x1c ./User/ch32v00x_it.o
                0x00000000000015f6                DMA1_Channel3_IRQHandler
 .text.DMA1_Channel1_IRQHandler
                0x0000000000001612       0x52 ./User/ch32v00x_it.o
                0x0000000000001612                DMA1_Channel1_IRQHandler
 .text.NMI_Handler
                0x0000000000001664        0xe ./User/ch32v00x_it.o
                0x0000000000001664                NMI_Handler
 .text.HardFault_Handler
                0x0000000000001672        0xe ./User/ch32v00x_it.o
                0x0000000000001672                HardFault_Handler
 .text.EXTI_INT_INIT
                0x0000000000001680       0x82 ./User/ch32v00x_it.o
                0x0000000000001680                EXTI_INT_INIT
 .text.system_wokeup
                0x0000000000001702       0x70 ./User/ch32v00x_it.o
                0x0000000000001702                system_wokeup
 .text.EXTI7_0_IRQHandler
                0x0000000000001772      0x102 ./User/ch32v00x_it.o
                0x0000000000001772                EXTI7_0_IRQHandler
 .text.TIM1_UP_IRQHandler
                0x0000000000001874       0x54 ./User/ch32v00x_it.o
                0x0000000000001874                TIM1_UP_IRQHandler
 .text.AWU_IRQHandler
                0x00000000000018c8       0x16 ./User/ch32v00x_it.o
                0x00000000000018c8                AWU_IRQHandler
 .text.startup.main
                0x00000000000018de       0x8e ./User/main.o
                0x00000000000018de                main
 .text.SystemInit
                0x000000000000196c       0xe6 ./User/system_ch32v00x.o
                0x000000000000196c                SystemInit
 .text.SystemCoreClockUpdate
                0x0000000000001a52       0x6c ./User/system_ch32v00x.o
                0x0000000000001a52                SystemCoreClockUpdate
 .text.TIM1_Init
                0x0000000000001abe       0xea ./Time/time_app.o
                0x0000000000001abe                TIM1_Init
 .text.TIM2_Init
                0x0000000000001ba8       0x94 ./Time/time_app.o
                0x0000000000001ba8                TIM2_Init
 .text.IWDG_Feed_Init
                0x0000000000001c3c       0x28 ./Time/time_app.o
                0x0000000000001c3c                IWDG_Feed_Init
 .text.vector_handler
                0x0000000000001c64        0x2 ./Startup/startup_ch32v00x.o
                0x0000000000001c64                TIM1_CC_IRQHandler
                0x0000000000001c64                SysTick_Handler
                0x0000000000001c64                PVD_IRQHandler
                0x0000000000001c64                SPI1_IRQHandler
                0x0000000000001c64                DMA1_Channel4_IRQHandler
                0x0000000000001c64                ADC1_IRQHandler
                0x0000000000001c64                DMA1_Channel7_IRQHandler
                0x0000000000001c64                I2C1_EV_IRQHandler
                0x0000000000001c64                DMA1_Channel6_IRQHandler
                0x0000000000001c64                RCC_IRQHandler
                0x0000000000001c64                TIM1_TRG_COM_IRQHandler
                0x0000000000001c64                DMA1_Channel5_IRQHandler
                0x0000000000001c64                WWDG_IRQHandler
                0x0000000000001c64                SW_Handler
                0x0000000000001c64                TIM1_BRK_IRQHandler
                0x0000000000001c64                DMA1_Channel2_IRQHandler
                0x0000000000001c64                FLASH_IRQHandler
                0x0000000000001c64                USART1_IRQHandler
                0x0000000000001c64                I2C1_ER_IRQHandler
 .text.handle_reset
                0x0000000000001c66       0x88 ./Startup/startup_ch32v00x.o
                0x0000000000001c66                handle_reset
 .text.ADC_DeInit
                0x0000000000001cee       0x26 ./Peripheral/src/ch32v00x_adc.o
                0x0000000000001cee                ADC_DeInit
 .text.ADC_Init
                0x0000000000001d14       0x4e ./Peripheral/src/ch32v00x_adc.o
                0x0000000000001d14                ADC_Init
 .text.ADC_Cmd  0x0000000000001d62       0x10 ./Peripheral/src/ch32v00x_adc.o
                0x0000000000001d62                ADC_Cmd
 .text.ADC_DMACmd
                0x0000000000001d72       0x12 ./Peripheral/src/ch32v00x_adc.o
                0x0000000000001d72                ADC_DMACmd
 .text.ADC_ResetCalibration
                0x0000000000001d84        0xa ./Peripheral/src/ch32v00x_adc.o
                0x0000000000001d84                ADC_ResetCalibration
 .text.ADC_GetResetCalibrationStatus
                0x0000000000001d8e        0x8 ./Peripheral/src/ch32v00x_adc.o
                0x0000000000001d8e                ADC_GetResetCalibrationStatus
 .text.ADC_StartCalibration
                0x0000000000001d96        0xa ./Peripheral/src/ch32v00x_adc.o
                0x0000000000001d96                ADC_StartCalibration
 .text.ADC_GetCalibrationStatus
                0x0000000000001da0        0x8 ./Peripheral/src/ch32v00x_adc.o
                0x0000000000001da0                ADC_GetCalibrationStatus
 .text.ADC_SoftwareStartConvCmd
                0x0000000000001da8       0x18 ./Peripheral/src/ch32v00x_adc.o
                0x0000000000001da8                ADC_SoftwareStartConvCmd
 .text.ADC_RegularChannelConfig
                0x0000000000001dc0       0xba ./Peripheral/src/ch32v00x_adc.o
                0x0000000000001dc0                ADC_RegularChannelConfig
 .text.ADC_Calibration_Vol
                0x0000000000001e7a       0x14 ./Peripheral/src/ch32v00x_adc.o
                0x0000000000001e7a                ADC_Calibration_Vol
 .text.DMA_DeInit
                0x0000000000001e8e       0x92 ./Peripheral/src/ch32v00x_dma.o
                0x0000000000001e8e                DMA_DeInit
 .text.DMA_Init
                0x0000000000001f20       0x38 ./Peripheral/src/ch32v00x_dma.o
                0x0000000000001f20                DMA_Init
 .text.DMA_Cmd  0x0000000000001f58       0x14 ./Peripheral/src/ch32v00x_dma.o
                0x0000000000001f58                DMA_Cmd
 .text.DMA_ITConfig
                0x0000000000001f6c       0x12 ./Peripheral/src/ch32v00x_dma.o
                0x0000000000001f6c                DMA_ITConfig
 .text.DMA_GetFlagStatus
                0x0000000000001f7e        0xe ./Peripheral/src/ch32v00x_dma.o
                0x0000000000001f7e                DMA_GetFlagStatus
 .text.DMA_ClearFlag
                0x0000000000001f8c        0x8 ./Peripheral/src/ch32v00x_dma.o
                0x0000000000001f8c                DMA_ClearFlag
 .text.DMA_GetITStatus
                0x0000000000001f94        0xa ./Peripheral/src/ch32v00x_dma.o
                0x0000000000001f94                DMA_GetITStatus
 .text.DMA_ClearITPendingBit
                0x0000000000001f9e        0x8 ./Peripheral/src/ch32v00x_dma.o
                0x0000000000001f9e                DMA_ClearITPendingBit
 .text.EXTI_Init
                0x0000000000001fa6       0x6a ./Peripheral/src/ch32v00x_exti.o
                0x0000000000001fa6                EXTI_Init
 .text.EXTI_GetITStatus
                0x0000000000002010       0x1e ./Peripheral/src/ch32v00x_exti.o
                0x0000000000002010                EXTI_GetITStatus
 .text.EXTI_ClearITPendingBit
                0x000000000000202e        0xa ./Peripheral/src/ch32v00x_exti.o
                0x000000000000202e                EXTI_ClearITPendingBit
 .text.GPIO_Init
                0x0000000000002038       0x7c ./Peripheral/src/ch32v00x_gpio.o
                0x0000000000002038                GPIO_Init
 .text.GPIO_ReadInputDataBit
                0x00000000000020b4        0xa ./Peripheral/src/ch32v00x_gpio.o
                0x00000000000020b4                GPIO_ReadInputDataBit
 .text.GPIO_SetBits
                0x00000000000020be        0x4 ./Peripheral/src/ch32v00x_gpio.o
                0x00000000000020be                GPIO_SetBits
 .text.GPIO_ResetBits
                0x00000000000020c2        0x4 ./Peripheral/src/ch32v00x_gpio.o
                0x00000000000020c2                GPIO_ResetBits
 .text.GPIO_EXTILineConfig
                0x00000000000020c6       0x22 ./Peripheral/src/ch32v00x_gpio.o
                0x00000000000020c6                GPIO_EXTILineConfig
 .text.IWDG_WriteAccessCmd
                0x00000000000020e8        0x8 ./Peripheral/src/ch32v00x_iwdg.o
                0x00000000000020e8                IWDG_WriteAccessCmd
 .text.IWDG_SetPrescaler
                0x00000000000020f0        0x8 ./Peripheral/src/ch32v00x_iwdg.o
                0x00000000000020f0                IWDG_SetPrescaler
 .text.IWDG_SetReload
                0x00000000000020f8        0x8 ./Peripheral/src/ch32v00x_iwdg.o
                0x00000000000020f8                IWDG_SetReload
 .text.IWDG_ReloadCounter
                0x0000000000002100        0xe ./Peripheral/src/ch32v00x_iwdg.o
                0x0000000000002100                IWDG_ReloadCounter
 .text.IWDG_Enable
                0x000000000000210e       0x18 ./Peripheral/src/ch32v00x_iwdg.o
                0x000000000000210e                IWDG_Enable
 .text.NVIC_PriorityGroupConfig
                0x0000000000002126        0x6 ./Peripheral/src/ch32v00x_misc.o
                0x0000000000002126                NVIC_PriorityGroupConfig
 .text.NVIC_Init
                0x000000000000212c       0x54 ./Peripheral/src/ch32v00x_misc.o
                0x000000000000212c                NVIC_Init
 .text.RCC_AdjustHSICalibrationValue
                0x0000000000002180       0x12 ./Peripheral/src/ch32v00x_rcc.o
                0x0000000000002180                RCC_AdjustHSICalibrationValue
 .text.RCC_ADCCLKConfig
                0x0000000000002192       0x14 ./Peripheral/src/ch32v00x_rcc.o
                0x0000000000002192                RCC_ADCCLKConfig
 .text.RCC_GetClocksFreq
                0x00000000000021a6       0xa2 ./Peripheral/src/ch32v00x_rcc.o
                0x00000000000021a6                RCC_GetClocksFreq
 .text.RCC_AHBPeriphClockCmd
                0x0000000000002248       0x1e ./Peripheral/src/ch32v00x_rcc.o
                0x0000000000002248                RCC_AHBPeriphClockCmd
 .text.RCC_APB2PeriphClockCmd
                0x0000000000002266       0x1e ./Peripheral/src/ch32v00x_rcc.o
                0x0000000000002266                RCC_APB2PeriphClockCmd
 .text.RCC_APB1PeriphClockCmd
                0x0000000000002284       0x1e ./Peripheral/src/ch32v00x_rcc.o
                0x0000000000002284                RCC_APB1PeriphClockCmd
 .text.RCC_APB2PeriphResetCmd
                0x00000000000022a2       0x1e ./Peripheral/src/ch32v00x_rcc.o
                0x00000000000022a2                RCC_APB2PeriphResetCmd
 .text.SPI_Init
                0x00000000000022c0       0x32 ./Peripheral/src/ch32v00x_spi.o
                0x00000000000022c0                SPI_Init
 .text.SPI_Cmd  0x00000000000022f2       0x1a ./Peripheral/src/ch32v00x_spi.o
                0x00000000000022f2                SPI_Cmd
 .text.SPI_I2S_DMACmd
                0x000000000000230c       0x12 ./Peripheral/src/ch32v00x_spi.o
                0x000000000000230c                SPI_I2S_DMACmd
 .text.SPI_I2S_SendData
                0x000000000000231e        0x4 ./Peripheral/src/ch32v00x_spi.o
                0x000000000000231e                SPI_I2S_SendData
 .text.SPI_I2S_ReceiveData
                0x0000000000002322        0x4 ./Peripheral/src/ch32v00x_spi.o
                0x0000000000002322                SPI_I2S_ReceiveData
 .text.SPI_I2S_GetFlagStatus
                0x0000000000002326        0xa ./Peripheral/src/ch32v00x_spi.o
                0x0000000000002326                SPI_I2S_GetFlagStatus
 .text.TI1_Config
                0x0000000000002330       0x5a ./Peripheral/src/ch32v00x_tim.o
 .text.TI2_Config
                0x000000000000238a       0x70 ./Peripheral/src/ch32v00x_tim.o
 .text.TIM_TimeBaseInit
                0x00000000000023fa       0x4e ./Peripheral/src/ch32v00x_tim.o
                0x00000000000023fa                TIM_TimeBaseInit
 .text.TIM_OC1Init
                0x0000000000002448       0x6a ./Peripheral/src/ch32v00x_tim.o
                0x0000000000002448                TIM_OC1Init
 .text.TIM_OC2Init
                0x00000000000024b2       0x96 ./Peripheral/src/ch32v00x_tim.o
                0x00000000000024b2                TIM_OC2Init
 .text.TIM_OC3Init
                0x0000000000002548       0x94 ./Peripheral/src/ch32v00x_tim.o
                0x0000000000002548                TIM_OC3Init
 .text.TIM_TimeBaseStructInit
                0x00000000000025dc       0x16 ./Peripheral/src/ch32v00x_tim.o
                0x00000000000025dc                TIM_TimeBaseStructInit
 .text.TIM_Cmd  0x00000000000025f2       0x18 ./Peripheral/src/ch32v00x_tim.o
                0x00000000000025f2                TIM_Cmd
 .text.TIM_CtrlPWMOutputs
                0x000000000000260a       0x16 ./Peripheral/src/ch32v00x_tim.o
                0x000000000000260a                TIM_CtrlPWMOutputs
 .text.TIM_ITConfig
                0x0000000000002620       0x12 ./Peripheral/src/ch32v00x_tim.o
                0x0000000000002620                TIM_ITConfig
 .text.TIM_EncoderInterfaceConfig
                0x0000000000002632       0x3c ./Peripheral/src/ch32v00x_tim.o
                0x0000000000002632                TIM_EncoderInterfaceConfig
 .text.TIM_ARRPreloadConfig
                0x000000000000266e       0x1a ./Peripheral/src/ch32v00x_tim.o
                0x000000000000266e                TIM_ARRPreloadConfig
 .text.TIM_OC1PreloadConfig
                0x0000000000002688        0xe ./Peripheral/src/ch32v00x_tim.o
                0x0000000000002688                TIM_OC1PreloadConfig
 .text.TIM_OC2PreloadConfig
                0x0000000000002696       0x16 ./Peripheral/src/ch32v00x_tim.o
                0x0000000000002696                TIM_OC2PreloadConfig
 .text.TIM_OC3PreloadConfig
                0x00000000000026ac        0xe ./Peripheral/src/ch32v00x_tim.o
                0x00000000000026ac                TIM_OC3PreloadConfig
 .text.TIM_SetCounter
                0x00000000000026ba        0x4 ./Peripheral/src/ch32v00x_tim.o
                0x00000000000026ba                TIM_SetCounter
 .text.TIM_SetIC1Prescaler
                0x00000000000026be       0x16 ./Peripheral/src/ch32v00x_tim.o
                0x00000000000026be                TIM_SetIC1Prescaler
 .text.TIM_SetIC2Prescaler
                0x00000000000026d4       0x1a ./Peripheral/src/ch32v00x_tim.o
                0x00000000000026d4                TIM_SetIC2Prescaler
 .text.TIM_ICInit
                0x00000000000026ee       0x38 ./Peripheral/src/ch32v00x_tim.o
                0x00000000000026ee                TIM_ICInit
 .text.TIM_ClearFlag
                0x0000000000002726        0xc ./Peripheral/src/ch32v00x_tim.o
                0x0000000000002726                TIM_ClearFlag
 .text.TIM_GetITStatus
                0x0000000000002732       0x18 ./Peripheral/src/ch32v00x_tim.o
                0x0000000000002732                TIM_GetITStatus
 .text.TIM_ClearITPendingBit
                0x000000000000274a        0xc ./Peripheral/src/ch32v00x_tim.o
                0x000000000000274a                TIM_ClearITPendingBit
 .text.USART_Init
                0x0000000000002756       0xce ./Peripheral/src/ch32v00x_usart.o
                0x0000000000002756                USART_Init
 .text.USART_Cmd
                0x0000000000002824       0x16 ./Peripheral/src/ch32v00x_usart.o
                0x0000000000002824                USART_Cmd
 .text.USART_SendData
                0x000000000000283a        0x8 ./Peripheral/src/ch32v00x_usart.o
                0x000000000000283a                USART_SendData
 .text.USART_GetFlagStatus
                0x0000000000002842        0xa ./Peripheral/src/ch32v00x_usart.o
                0x0000000000002842                USART_GetFlagStatus
 .text.GPIO_Init_Pin
                0x000000000000284c       0x1e ./Gpio/gpio.o
                0x000000000000284c                GPIO_Init_Pin
 .text.My_GPIO_Init
                0x000000000000286a       0xcc ./Gpio/gpio.o
                0x000000000000286a                My_GPIO_Init
 .text.Delay_Init
                0x0000000000002936       0x34 ./Debug/debug.o
                0x0000000000002936                Delay_Init
 .text.Delay_Ms
                0x000000000000296a       0x3a ./Debug/debug.o
                0x000000000000296a                Delay_Ms
 .text.USART_Printf_Init
                0x00000000000029a4       0x5c ./Debug/debug.o
                0x00000000000029a4                USART_Printf_Init
 .text._write   0x0000000000002a00       0x50 ./Debug/debug.o
                0x0000000000002a00                _write
 .text.intToStr
                0x0000000000002a50       0xac ./Debug/debug.o
                0x0000000000002a50                intToStr
 .text.Check_Reset_Flag
                0x0000000000002afc       0x8e ./Debug/debug.o
                0x0000000000002afc                Check_Reset_Flag
 .text.printchar
                0x0000000000002b8a       0x4a h:/mounriver/mounriver_studio/toolchain/risc-v embedded gcc/bin/../lib/gcc/riscv-none-embed/8.2.0/../../../../riscv-none-embed/lib/rv32ecxw/ilp32e\libprintf.a(wchprintf.o)
                0x0000000000002b8a                printchar
 .text.prints   0x0000000000002bd4       0xee h:/mounriver/mounriver_studio/toolchain/risc-v embedded gcc/bin/../lib/gcc/riscv-none-embed/8.2.0/../../../../riscv-none-embed/lib/rv32ecxw/ilp32e\libprintf.a(wchprintf.o)
                0x0000000000002bd4                prints
 .text.printInt
                0x0000000000002cc2      0x11a h:/mounriver/mounriver_studio/toolchain/risc-v embedded gcc/bin/../lib/gcc/riscv-none-embed/8.2.0/../../../../riscv-none-embed/lib/rv32ecxw/ilp32e\libprintf.a(wchprintf.o)
                0x0000000000002cc2                printInt
 .text.printLongLongInt
                0x0000000000002ddc        0x4 h:/mounriver/mounriver_studio/toolchain/risc-v embedded gcc/bin/../lib/gcc/riscv-none-embed/8.2.0/../../../../riscv-none-embed/lib/rv32ecxw/ilp32e\libprintf.a(wchprintf.o)
                0x0000000000002ddc                printLongLongInt
 .text.printDouble
                0x0000000000002de0        0x4 h:/mounriver/mounriver_studio/toolchain/risc-v embedded gcc/bin/../lib/gcc/riscv-none-embed/8.2.0/../../../../riscv-none-embed/lib/rv32ecxw/ilp32e\libprintf.a(wchprintf.o)
                0x0000000000002de0                printDouble
 .text.print    0x0000000000002de4      0x360 h:/mounriver/mounriver_studio/toolchain/risc-v embedded gcc/bin/../lib/gcc/riscv-none-embed/8.2.0/../../../../riscv-none-embed/lib/rv32ecxw/ilp32e\libprintf.a(wchprintf.o)
                0x0000000000002de4                print
 .text.printf   0x0000000000003144       0x24 h:/mounriver/mounriver_studio/toolchain/risc-v embedded gcc/bin/../lib/gcc/riscv-none-embed/8.2.0/../../../../riscv-none-embed/lib/rv32ecxw/ilp32e\libprintf.a(wchprintf.o)
                0x0000000000003144                printf
 .text.puts     0x0000000000003168       0x4a h:/mounriver/mounriver_studio/toolchain/risc-v embedded gcc/bin/../lib/gcc/riscv-none-embed/8.2.0/../../../../riscv-none-embed/lib/rv32ecxw/ilp32e\libprintf.a(wchprintf.o)
                0x0000000000003168                puts
 *(.rodata)
 *(.rodata*)
 *fill*         0x00000000000031b2        0x2 
 .rodata.Paint_DrawChar.str1.4
                0x00000000000031b4       0x31 ./screen/GUI_Paint.o
 *fill*         0x00000000000031e5        0x3 
 .rodata.Screen_spi_write.str1.4
                0x00000000000031e8       0x26 ./screen/drive_screen.o
 *fill*         0x000000000000320e        0x2 
 .rodata.Font12_English
                0x0000000000003210      0x144 ./screen/font12.o
                0x0000000000003210                Font12_English
 .rodata.Font16_Number
                0x0000000000003354      0x1a0 ./screen/font16.o
                0x0000000000003354                Font16_Number
 .rodata.Font16_Setting
                0x00000000000034f4      0x160 ./screen/font16.o
                0x00000000000034f4                Font16_Setting
 .rodata.Font16_battery
                0x0000000000003654       0x42 ./screen/font16.o
                0x0000000000003654                Font16_battery
 *fill*         0x0000000000003696        0x2 
 .rodata.Font16_english
                0x0000000000003698      0x240 ./screen/font16.o
                0x0000000000003698                Font16_english
 .rodata.Font16_english_map
                0x00000000000038d8       0x12 ./screen/font16.o
                0x00000000000038d8                Font16_english_map
 *fill*         0x00000000000038ea        0x2 
 .rodata.display_settings.str1.4
                0x00000000000038ec        0x4 ./screen/page.o
 .rodata.str1.4
                0x00000000000038f0        0xb ./screen/page.o
 .rodata.Screen_Clear.str1.4
                0x00000000000038fb       0x12 ./screen/screen_api.o
 *fill*         0x00000000000038fb        0x1 
 .rodata.Screen_DrawPaint.str1.4
                0x00000000000038fc        0x8 ./screen/screen_api.o
 .rodata.init_cmds
                0x0000000000003904       0x41 ./screen/screen_api.o
 *fill*         0x0000000000003945        0x3 
 .rodata.Encoder_Scan.str1.4
                0x0000000000003948       0x3b ./encode/encode.o
 *fill*         0x0000000000003983        0x1 
 .rodata.percent_points
                0x0000000000003984        0x5 ./adc/adc.o
                0x0000000000003984                percent_points
 *fill*         0x0000000000003989        0x3 
 .rodata.show_battery.str1.4
                0x000000000000398c        0x6 ./adc/adc.o
 *fill*         0x0000000000003992        0x2 
 .rodata.EXTI7_0_IRQHandler.str1.4
                0x0000000000003994       0x87 ./User/ch32v00x_it.o
 *fill*         0x0000000000003a1b        0x1 
 .rodata.HardFault_Handler.str1.4
                0x0000000000003a1c       0x19 ./User/ch32v00x_it.o
 *fill*         0x0000000000003a35        0x3 
 .rodata.NMI_Handler.str1.4
                0x0000000000003a38       0x13 ./User/ch32v00x_it.o
 *fill*         0x0000000000003a4b        0x1 
 .rodata.system_wokeup.str1.4
                0x0000000000003a4c        0xf ./User/ch32v00x_it.o
 *fill*         0x0000000000003a5b        0x1 
 .rodata.main.str1.4
                0x0000000000003a5c       0x11 ./User/main.o
 *fill*         0x0000000000003a6d        0x3 
 .rodata.Check_Reset_Flag.str1.4
                0x0000000000003a70       0x5e ./Debug/debug.o
 *fill*         0x0000000000003ace        0x2 
 .rodata.print.str1.4
                0x0000000000003ad0        0x8 h:/mounriver/mounriver_studio/toolchain/risc-v embedded gcc/bin/../lib/gcc/riscv-none-embed/8.2.0/../../../../riscv-none-embed/lib/rv32ecxw/ilp32e\libprintf.a(wchprintf.o)
                                          0x7 (size before relaxing)
 *(.gnu.linkonce.t.*)
                0x0000000000003ad8                . = ALIGN (0x4)

.rela.dyn       0x0000000000003ad8        0x0
 .rela.text.Paint_DrawChar
                0x0000000000003ad8        0x0 ./screen/GUI_Paint.o
 .rela.text.startup.main
                0x0000000000003ad8        0x0 ./screen/GUI_Paint.o
 .rela.init     0x0000000000003ad8        0x0 ./screen/GUI_Paint.o
 .rela.text.handle_reset
                0x0000000000003ad8        0x0 ./screen/GUI_Paint.o
 .rela.text.prints
                0x0000000000003ad8        0x0 ./screen/GUI_Paint.o
 .rela.text.printInt
                0x0000000000003ad8        0x0 ./screen/GUI_Paint.o
 .rela.text.print
                0x0000000000003ad8        0x0 ./screen/GUI_Paint.o
 .rela.text.printf
                0x0000000000003ad8        0x0 ./screen/GUI_Paint.o

.fini           0x0000000000003ad8        0x0
 *(SORT_NONE(.fini))
                0x0000000000003ad8                . = ALIGN (0x4)
                [!provide]                        PROVIDE (_etext = .)
                [!provide]                        PROVIDE (_eitcm = .)

.preinit_array  0x0000000000003ad8        0x0
                [!provide]                        PROVIDE (__preinit_array_start = .)
 *(.preinit_array)
                [!provide]                        PROVIDE (__preinit_array_end = .)

.init_array     0x0000000000003ad8        0x0
                [!provide]                        PROVIDE (__init_array_start = .)
 *(SORT_BY_INIT_PRIORITY(.init_array.*) SORT_BY_INIT_PRIORITY(.ctors.*))
 *(.init_array EXCLUDE_FILE(*crtend?.o *crtend.o *crtbegin?.o *crtbegin.o) .ctors)
                [!provide]                        PROVIDE (__init_array_end = .)

.fini_array     0x0000000000003ad8        0x0
                [!provide]                        PROVIDE (__fini_array_start = .)
 *(SORT_BY_INIT_PRIORITY(.fini_array.*) SORT_BY_INIT_PRIORITY(.dtors.*))
 *(.fini_array EXCLUDE_FILE(*crtend?.o *crtend.o *crtbegin?.o *crtbegin.o) .dtors)
                [!provide]                        PROVIDE (__fini_array_end = .)

.ctors
 *crtbegin.o(.ctors)
 *crtbegin?.o(.ctors)
 *(EXCLUDE_FILE(*crtend?.o *crtend.o) .ctors)
 *(SORT_BY_NAME(.ctors.*))
 *(.ctors)

.dtors
 *crtbegin.o(.dtors)
 *crtbegin?.o(.dtors)
 *(EXCLUDE_FILE(*crtend?.o *crtend.o) .dtors)
 *(SORT_BY_NAME(.dtors.*))
 *(.dtors)

.dalign         0x0000000020000000        0x0 load address 0x0000000000003ad8
                0x0000000020000000                . = ALIGN (0x4)
                0x0000000020000000                PROVIDE (_data_vma = .)

.dlalign        0x0000000000003ad8        0x0
                0x0000000000003ad8                . = ALIGN (0x4)
                0x0000000000003ad8                PROVIDE (_data_lma = .)

.data           0x0000000020000000       0xa0 load address 0x0000000000003ad8
                0x0000000020000000                . = ALIGN (0x4)
 *(.gnu.linkonce.r.*)
 *(.data .data.*)
 .data.Fontline
                0x0000000020000000        0x8 ./screen/font12.o
                0x0000000020000000                Fontline
 .data.Font16_Bat
                0x0000000020000008        0x8 ./screen/font16.o
                0x0000000020000008                Font16_Bat
 .data.Font16_En
                0x0000000020000010        0x8 ./screen/font16.o
                0x0000000020000010                Font16_En
 .data.Font16_Num
                0x0000000020000018        0x8 ./screen/font16.o
                0x0000000020000018                Font16_Num
 .data.Font16_setting
                0x0000000020000020        0x8 ./screen/font16.o
                0x0000000020000020                Font16_setting
 .data.needShowBattery
                0x0000000020000028        0x1 ./screen/page.o
                0x0000000020000028                needShowBattery
 .data.refreshState
                0x0000000020000029        0x1 ./screen/page.o
                0x0000000020000029                refreshState
 *fill*         0x000000002000002a        0x2 
 .data.settings
                0x000000002000002c       0x24 ./screen/page.o
                0x000000002000002c                settings
 .data.Prepercentage.4846
                0x0000000020000050        0x1 ./adc/adc.o
 *fill*         0x0000000020000051        0x3 
 .data.key      0x0000000020000054       0x10 ./User/ch32v00x_it.o
                0x0000000020000054                key
 .data.AHBPrescTable
                0x0000000020000064       0x10 ./User/system_ch32v00x.o
                0x0000000020000064                AHBPrescTable
 .data.SystemCoreClock
                0x0000000020000074        0x4 ./User/system_ch32v00x.o
                0x0000000020000074                SystemCoreClock
 .data.ADCPrescTable
                0x0000000020000078       0x14 ./Peripheral/src/ch32v00x_rcc.o
 .data.APBAHBPrescTable
                0x000000002000008c       0x10 ./Peripheral/src/ch32v00x_rcc.o
 *(.gnu.linkonce.d.*)
                0x00000000200000a0                . = ALIGN (0x8)
 *fill*         0x000000002000009c        0x4 
                0x00000000200008a0                PROVIDE (__global_pointer$ = (. + 0x800))
 *(.sdata .sdata.*)
 *(.sdata2*)
 *(.gnu.linkonce.s.*)
                0x00000000200000a0                . = ALIGN (0x8)
 *(.srodata.cst16)
 *(.srodata.cst8)
 *(.srodata.cst4)
 *(.srodata.cst2)
 *(.srodata .srodata.*)
                0x00000000200000a0                . = ALIGN (0x4)
                0x00000000200000a0                PROVIDE (_edata = .)

.bss            0x00000000200000a0      0x4fc load address 0x0000000000003b78
                0x00000000200000a0                . = ALIGN (0x4)
                0x00000000200000a0                PROVIDE (_sbss = .)
 *(.sbss*)
 *(.gnu.linkonce.sb.*)
 *(.bss*)
 .bss.Paint     0x00000000200000a0       0x18 ./screen/GUI_Paint.o
                0x00000000200000a0                Paint
 .bss.dmaFont   0x00000000200000b8        0x4 ./screen/GUI_Paint.o
                0x00000000200000b8                dmaFont
 .bss.dmaXpoint
                0x00000000200000bc        0x1 ./screen/GUI_Paint.o
                0x00000000200000bc                dmaXpoint
 .bss.dmaYpoint
                0x00000000200000bd        0x1 ./screen/GUI_Paint.o
                0x00000000200000bd                dmaYpoint
 .bss.current_setting
                0x00000000200000be        0x1 ./screen/page.o
                0x00000000200000be                current_setting
 .bss.fan_speed
                0x00000000200000bf        0x1 ./screen/page.o
                0x00000000200000bf                fan_speed
 .bss.led_light
                0x00000000200000c0        0x1 ./screen/page.o
                0x00000000200000c0                led_light
 *fill*         0x00000000200000c1        0x3 
 .bss.LCD       0x00000000200000c4        0x6 ./screen/screen_api.o
                0x00000000200000c4                LCD
 .bss.dmaXoffset
                0x00000000200000ca        0x1 ./screen/screen_api.o
                0x00000000200000ca                dmaXoffset
 .bss.dmaYoffset
                0x00000000200000cb        0x1 ./screen/screen_api.o
                0x00000000200000cb                dmaYoffset
 .bss.lcd_gram  0x00000000200000cc      0x480 ./screen/screen_api.o
                0x00000000200000cc                lcd_gram
 .bss.precircle.4138
                0x000000002000054c        0x4 ./encode/encode.o
 .bss.precnt.4137
                0x0000000020000550        0x1 ./encode/encode.o
 *fill*         0x0000000020000551        0x3 
 .bss.BattaryBuf
                0x0000000020000554       0x1e ./adc/adc.o
                0x0000000020000554                BattaryBuf
 .bss.percentage.4845
                0x0000000020000572        0x1 ./adc/adc.o
 *fill*         0x0000000020000573        0x1 
 .bss.Battery_ADC_Average
                0x0000000020000574        0x2 ./User/ch32v00x_it.o
                0x0000000020000574                Battery_ADC_Average
 *fill*         0x0000000020000576        0x2 
 .bss.SleepCounter
                0x0000000020000578        0x4 ./User/ch32v00x_it.o
                0x0000000020000578                SleepCounter
 .bss.charge    0x000000002000057c        0x4 ./User/ch32v00x_it.o
                0x000000002000057c                charge
 .bss.circle    0x0000000020000580        0x4 ./User/ch32v00x_it.o
                0x0000000020000580                circle
 .bss.dmaTransferComplete
                0x0000000020000584        0x1 ./User/ch32v00x_it.o
                0x0000000020000584                dmaTransferComplete
 *fill*         0x0000000020000585        0x3 
 .bss.encode_struct
                0x0000000020000588        0x8 ./User/ch32v00x_it.o
                0x0000000020000588                encode_struct
 .bss.needSleep
                0x0000000020000590        0x1 ./User/ch32v00x_it.o
                0x0000000020000590                needSleep
 *fill*         0x0000000020000591        0x1 
 .bss.pre_Battery_ADC_Average
                0x0000000020000592        0x2 ./User/ch32v00x_it.o
                0x0000000020000592                pre_Battery_ADC_Average
 .bss.NVIC_Priority_Group
                0x0000000020000594        0x4 ./Peripheral/src/ch32v00x_misc.o
                0x0000000020000594                NVIC_Priority_Group
 .bss.p_ms      0x0000000020000598        0x2 ./Debug/debug.o
 .bss.p_us      0x000000002000059a        0x1 ./Debug/debug.o
 *(.gnu.linkonce.b.*)
 *(COMMON*)
                0x000000002000059c                . = ALIGN (0x4)
 *fill*         0x000000002000059b        0x1 
                0x000000002000059c                PROVIDE (_ebss = .)
                0x000000002000059c                PROVIDE (_end = _ebss)
                [!provide]                        PROVIDE (end = .)

.stack          0x0000000020000700      0x100
                0x0000000020000700                PROVIDE (_heap_end = .)
                0x0000000020000700                . = ALIGN (0x4)
                [!provide]                        PROVIDE (_susrstack = .)
                0x0000000020000800                . = (. + __stack_size)
 *fill*         0x0000000020000700      0x100 
                0x0000000020000800                PROVIDE (_eusrstack = .)
OUTPUT(smokingmeshine.elf elf32-littleriscv)

.debug_info     0x0000000000000000    0x1c385
 .debug_info    0x0000000000000000     0x291c ./screen/GUI_Paint.o
 .debug_info    0x000000000000291c     0x10bf ./screen/drive_screen.o
 .debug_info    0x00000000000039db      0x1e1 ./screen/font12.o
 .debug_info    0x0000000000003bbc      0x346 ./screen/font16.o
 .debug_info    0x0000000000003f02     0x16a3 ./screen/page.o
 .debug_info    0x00000000000055a5     0x23ea ./screen/screen_api.o
 .debug_info    0x000000000000798f      0xd44 ./encode/encode.o
 .debug_info    0x00000000000086d3     0x19a8 ./adc/adc.o
 .debug_info    0x000000000000a07b     0x1a05 ./User/ch32v00x_it.o
 .debug_info    0x000000000000ba80     0x107e ./User/main.o
 .debug_info    0x000000000000cafe      0xc83 ./User/system_ch32v00x.o
 .debug_info    0x000000000000d781     0x1546 ./Time/time_app.o
 .debug_info    0x000000000000ecc7       0x22 ./Startup/startup_ch32v00x.o
 .debug_info    0x000000000000ece9     0x1576 ./Peripheral/src/ch32v00x_adc.o
 .debug_info    0x000000000001025f      0xd7f ./Peripheral/src/ch32v00x_dma.o
 .debug_info    0x0000000000010fde      0xc85 ./Peripheral/src/ch32v00x_exti.o
 .debug_info    0x0000000000011c63     0x1084 ./Peripheral/src/ch32v00x_gpio.o
 .debug_info    0x0000000000012ce7      0xb96 ./Peripheral/src/ch32v00x_iwdg.o
 .debug_info    0x000000000001387d      0xe32 ./Peripheral/src/ch32v00x_misc.o
 .debug_info    0x00000000000146af     0x10dc ./Peripheral/src/ch32v00x_rcc.o
 .debug_info    0x000000000001578b     0x10b4 ./Peripheral/src/ch32v00x_spi.o
 .debug_info    0x000000000001683f     0x281d ./Peripheral/src/ch32v00x_tim.o
 .debug_info    0x000000000001905c     0x13a1 ./Peripheral/src/ch32v00x_usart.o
 .debug_info    0x000000000001a3fd      0xe15 ./Gpio/gpio.o
 .debug_info    0x000000000001b212     0x1173 ./Debug/debug.o

.debug_abbrev   0x0000000000000000     0x49cf
 .debug_abbrev  0x0000000000000000      0x437 ./screen/GUI_Paint.o
 .debug_abbrev  0x0000000000000437      0x2ea ./screen/drive_screen.o
 .debug_abbrev  0x0000000000000721       0xc1 ./screen/font12.o
 .debug_abbrev  0x00000000000007e2       0xca ./screen/font16.o
 .debug_abbrev  0x00000000000008ac      0x3b5 ./screen/page.o
 .debug_abbrev  0x0000000000000c61      0x53c ./screen/screen_api.o
 .debug_abbrev  0x000000000000119d      0x2a3 ./encode/encode.o
 .debug_abbrev  0x0000000000001440      0x3d8 ./adc/adc.o
 .debug_abbrev  0x0000000000001818      0x3ec ./User/ch32v00x_it.o
 .debug_abbrev  0x0000000000001c04      0x24f ./User/main.o
 .debug_abbrev  0x0000000000001e53      0x2e5 ./User/system_ch32v00x.o
 .debug_abbrev  0x0000000000002138      0x2d4 ./Time/time_app.o
 .debug_abbrev  0x000000000000240c       0x12 ./Startup/startup_ch32v00x.o
 .debug_abbrev  0x000000000000241e      0x316 ./Peripheral/src/ch32v00x_adc.o
 .debug_abbrev  0x0000000000002734      0x311 ./Peripheral/src/ch32v00x_dma.o
 .debug_abbrev  0x0000000000002a45      0x2e9 ./Peripheral/src/ch32v00x_exti.o
 .debug_abbrev  0x0000000000002d2e      0x318 ./Peripheral/src/ch32v00x_gpio.o
 .debug_abbrev  0x0000000000003046      0x291 ./Peripheral/src/ch32v00x_iwdg.o
 .debug_abbrev  0x00000000000032d7      0x2f9 ./Peripheral/src/ch32v00x_misc.o
 .debug_abbrev  0x00000000000035d0      0x398 ./Peripheral/src/ch32v00x_rcc.o
 .debug_abbrev  0x0000000000003968      0x312 ./Peripheral/src/ch32v00x_spi.o
 .debug_abbrev  0x0000000000003c7a      0x3db ./Peripheral/src/ch32v00x_tim.o
 .debug_abbrev  0x0000000000004055      0x332 ./Peripheral/src/ch32v00x_usart.o
 .debug_abbrev  0x0000000000004387      0x287 ./Gpio/gpio.o
 .debug_abbrev  0x000000000000460e      0x3c1 ./Debug/debug.o

.debug_loc      0x0000000000000000     0x7057
 .debug_loc     0x0000000000000000     0x1e46 ./screen/GUI_Paint.o
 .debug_loc     0x0000000000001e46      0x135 ./screen/drive_screen.o
 .debug_loc     0x0000000000001f7b      0x3d2 ./screen/page.o
 .debug_loc     0x000000000000234d      0x7e6 ./screen/screen_api.o
 .debug_loc     0x0000000000002b33       0x42 ./encode/encode.o
 .debug_loc     0x0000000000002b75      0x420 ./adc/adc.o
 .debug_loc     0x0000000000002f95       0x28 ./User/ch32v00x_it.o
 .debug_loc     0x0000000000002fbd       0x83 ./User/system_ch32v00x.o
 .debug_loc     0x0000000000003040       0xe7 ./Time/time_app.o
 .debug_loc     0x0000000000003127      0x9fa ./Peripheral/src/ch32v00x_adc.o
 .debug_loc     0x0000000000003b21      0x14a ./Peripheral/src/ch32v00x_dma.o
 .debug_loc     0x0000000000003c6b      0x181 ./Peripheral/src/ch32v00x_exti.o
 .debug_loc     0x0000000000003dec      0x5e2 ./Peripheral/src/ch32v00x_gpio.o
 .debug_loc     0x00000000000043ce       0x68 ./Peripheral/src/ch32v00x_iwdg.o
 .debug_loc     0x0000000000004436       0x2d ./Peripheral/src/ch32v00x_misc.o
 .debug_loc     0x0000000000004463      0x5e3 ./Peripheral/src/ch32v00x_rcc.o
 .debug_loc     0x0000000000004a46      0x429 ./Peripheral/src/ch32v00x_spi.o
 .debug_loc     0x0000000000004e6f     0x16d4 ./Peripheral/src/ch32v00x_tim.o
 .debug_loc     0x0000000000006543      0x735 ./Peripheral/src/ch32v00x_usart.o
 .debug_loc     0x0000000000006c78       0x6f ./Gpio/gpio.o
 .debug_loc     0x0000000000006ce7      0x370 ./Debug/debug.o

.debug_aranges  0x0000000000000000      0xca8
 .debug_aranges
                0x0000000000000000       0xa0 ./screen/GUI_Paint.o
 .debug_aranges
                0x00000000000000a0       0x38 ./screen/drive_screen.o
 .debug_aranges
                0x00000000000000d8       0x18 ./screen/font12.o
 .debug_aranges
                0x00000000000000f0       0x18 ./screen/font16.o
 .debug_aranges
                0x0000000000000108       0x60 ./screen/page.o
 .debug_aranges
                0x0000000000000168       0x98 ./screen/screen_api.o
 .debug_aranges
                0x0000000000000200       0x28 ./encode/encode.o
 .debug_aranges
                0x0000000000000228       0x48 ./adc/adc.o
 .debug_aranges
                0x0000000000000270       0x80 ./User/ch32v00x_it.o
 .debug_aranges
                0x00000000000002f0       0x20 ./User/main.o
 .debug_aranges
                0x0000000000000310       0x28 ./User/system_ch32v00x.o
 .debug_aranges
                0x0000000000000338       0x48 ./Time/time_app.o
 .debug_aranges
                0x0000000000000380       0x30 ./Startup/startup_ch32v00x.o
 .debug_aranges
                0x00000000000003b0      0x138 ./Peripheral/src/ch32v00x_adc.o
 .debug_aranges
                0x00000000000004e8       0x60 ./Peripheral/src/ch32v00x_dma.o
 .debug_aranges
                0x0000000000000548       0x50 ./Peripheral/src/ch32v00x_exti.o
 .debug_aranges
                0x0000000000000598       0x98 ./Peripheral/src/ch32v00x_gpio.o
 .debug_aranges
                0x0000000000000630       0x48 ./Peripheral/src/ch32v00x_iwdg.o
 .debug_aranges
                0x0000000000000678       0x28 ./Peripheral/src/ch32v00x_misc.o
 .debug_aranges
                0x00000000000006a0       0xe0 ./Peripheral/src/ch32v00x_rcc.o
 .debug_aranges
                0x0000000000000780       0xb8 ./Peripheral/src/ch32v00x_spi.o
 .debug_aranges
                0x0000000000000838      0x2d8 ./Peripheral/src/ch32v00x_tim.o
 .debug_aranges
                0x0000000000000b10      0x100 ./Peripheral/src/ch32v00x_usart.o
 .debug_aranges
                0x0000000000000c10       0x30 ./Gpio/gpio.o
 .debug_aranges
                0x0000000000000c40       0x68 ./Debug/debug.o

.debug_ranges   0x0000000000000000      0xde8
 .debug_ranges  0x0000000000000000      0x158 ./screen/GUI_Paint.o
 .debug_ranges  0x0000000000000158       0x28 ./screen/drive_screen.o
 .debug_ranges  0x0000000000000180       0x50 ./screen/page.o
 .debug_ranges  0x00000000000001d0      0x170 ./screen/screen_api.o
 .debug_ranges  0x0000000000000340       0x18 ./encode/encode.o
 .debug_ranges  0x0000000000000358       0xc0 ./adc/adc.o
 .debug_ranges  0x0000000000000418       0xa8 ./User/ch32v00x_it.o
 .debug_ranges  0x00000000000004c0       0x10 ./User/main.o
 .debug_ranges  0x00000000000004d0       0x18 ./User/system_ch32v00x.o
 .debug_ranges  0x00000000000004e8       0x38 ./Time/time_app.o
 .debug_ranges  0x0000000000000520       0x28 ./Startup/startup_ch32v00x.o
 .debug_ranges  0x0000000000000548      0x128 ./Peripheral/src/ch32v00x_adc.o
 .debug_ranges  0x0000000000000670       0x50 ./Peripheral/src/ch32v00x_dma.o
 .debug_ranges  0x00000000000006c0       0x40 ./Peripheral/src/ch32v00x_exti.o
 .debug_ranges  0x0000000000000700       0x88 ./Peripheral/src/ch32v00x_gpio.o
 .debug_ranges  0x0000000000000788       0x38 ./Peripheral/src/ch32v00x_iwdg.o
 .debug_ranges  0x00000000000007c0       0x48 ./Peripheral/src/ch32v00x_misc.o
 .debug_ranges  0x0000000000000808       0xd0 ./Peripheral/src/ch32v00x_rcc.o
 .debug_ranges  0x00000000000008d8       0xa8 ./Peripheral/src/ch32v00x_spi.o
 .debug_ranges  0x0000000000000980      0x2c8 ./Peripheral/src/ch32v00x_tim.o
 .debug_ranges  0x0000000000000c48       0xf0 ./Peripheral/src/ch32v00x_usart.o
 .debug_ranges  0x0000000000000d38       0x20 ./Gpio/gpio.o
 .debug_ranges  0x0000000000000d58       0x90 ./Debug/debug.o

.debug_line     0x0000000000000000    0x10a30
 .debug_line    0x0000000000000000     0x1c69 ./screen/GUI_Paint.o
 .debug_line    0x0000000000001c69      0x66e ./screen/drive_screen.o
 .debug_line    0x00000000000022d7      0x115 ./screen/font12.o
 .debug_line    0x00000000000023ec      0x115 ./screen/font16.o
 .debug_line    0x0000000000002501      0xa18 ./screen/page.o
 .debug_line    0x0000000000002f19     0x1048 ./screen/screen_api.o
 .debug_line    0x0000000000003f61      0x532 ./encode/encode.o
 .debug_line    0x0000000000004493      0xb59 ./adc/adc.o
 .debug_line    0x0000000000004fec      0xe3a ./User/ch32v00x_it.o
 .debug_line    0x0000000000005e26      0x542 ./User/main.o
 .debug_line    0x0000000000006368      0x5bd ./User/system_ch32v00x.o
 .debug_line    0x0000000000006925      0x77f ./Time/time_app.o
 .debug_line    0x00000000000070a4      0x112 ./Startup/startup_ch32v00x.o
 .debug_line    0x00000000000071b6     0x1436 ./Peripheral/src/ch32v00x_adc.o
 .debug_line    0x00000000000085ec      0x791 ./Peripheral/src/ch32v00x_dma.o
 .debug_line    0x0000000000008d7d      0x5ca ./Peripheral/src/ch32v00x_exti.o
 .debug_line    0x0000000000009347      0xbf1 ./Peripheral/src/ch32v00x_gpio.o
 .debug_line    0x0000000000009f38      0x3e9 ./Peripheral/src/ch32v00x_iwdg.o
 .debug_line    0x000000000000a321      0x3d1 ./Peripheral/src/ch32v00x_misc.o
 .debug_line    0x000000000000a6f2      0xdf8 ./Peripheral/src/ch32v00x_rcc.o
 .debug_line    0x000000000000b4ea      0x9cb ./Peripheral/src/ch32v00x_spi.o
 .debug_line    0x000000000000beb5     0x2d64 ./Peripheral/src/ch32v00x_tim.o
 .debug_line    0x000000000000ec19      0xf02 ./Peripheral/src/ch32v00x_usart.o
 .debug_line    0x000000000000fb1b      0x3d1 ./Gpio/gpio.o
 .debug_line    0x000000000000feec      0xb44 ./Debug/debug.o

.debug_str      0x0000000000000000     0x3d38
 .debug_str     0x0000000000000000      0xbb0 ./screen/GUI_Paint.o
                                        0xc8a (size before relaxing)
 .debug_str     0x0000000000000bb0      0x558 ./screen/drive_screen.o
                                        0xb68 (size before relaxing)
 .debug_str     0x0000000000001108       0x36 ./screen/font12.o
                                        0x262 (size before relaxing)
 .debug_str     0x000000000000113e       0x8c ./screen/font16.o
                                        0x2cb (size before relaxing)
 .debug_str     0x00000000000011ca      0x3a8 ./screen/page.o
                                        0xc8b (size before relaxing)
 .debug_str     0x0000000000001572      0x2db ./screen/screen_api.o
                                        0xe50 (size before relaxing)
 .debug_str     0x000000000000184d       0x5d ./encode/encode.o
                                        0x7c4 (size before relaxing)
 .debug_str     0x00000000000018aa      0x2b5 ./adc/adc.o
                                        0xeac (size before relaxing)
 .debug_str     0x0000000000001b5f      0x2f1 ./User/ch32v00x_it.o
                                        0xfb3 (size before relaxing)
 .debug_str     0x0000000000001e50       0x8e ./User/main.o
                                        0xa2d (size before relaxing)
 .debug_str     0x0000000000001ede       0xea ./User/system_ch32v00x.o
                                        0x724 (size before relaxing)
 .debug_str     0x0000000000001fc8      0x378 ./Time/time_app.o
                                        0xd1f (size before relaxing)
 .debug_str     0x0000000000002340       0x2a ./Startup/startup_ch32v00x.o
                                         0x59 (size before relaxing)
 .debug_str     0x000000000000236a      0x37c ./Peripheral/src/ch32v00x_adc.o
                                        0xb9f (size before relaxing)
 .debug_str     0x00000000000026e6       0xc4 ./Peripheral/src/ch32v00x_dma.o
                                        0x81a (size before relaxing)
 .debug_str     0x00000000000027aa       0xaf ./Peripheral/src/ch32v00x_exti.o
                                        0x7c8 (size before relaxing)
 .debug_str     0x0000000000002859      0x2a6 ./Peripheral/src/ch32v00x_gpio.o
                                        0x958 (size before relaxing)
 .debug_str     0x0000000000002aff       0x76 ./Peripheral/src/ch32v00x_iwdg.o
                                        0x70e (size before relaxing)
 .debug_str     0x0000000000002b75       0x73 ./Peripheral/src/ch32v00x_misc.o
                                        0x934 (size before relaxing)
 .debug_str     0x0000000000002be8      0x279 ./Peripheral/src/ch32v00x_rcc.o
                                        0x9c6 (size before relaxing)
 .debug_str     0x0000000000002e61      0x18c ./Peripheral/src/ch32v00x_spi.o
                                        0x94e (size before relaxing)
 .debug_str     0x0000000000002fed      0x822 ./Peripheral/src/ch32v00x_tim.o
                                       0x126a (size before relaxing)
 .debug_str     0x000000000000380f      0x3e8 ./Peripheral/src/ch32v00x_usart.o
                                        0xb15 (size before relaxing)
 .debug_str     0x0000000000003bf7       0x2c ./Gpio/gpio.o
                                        0x7ac (size before relaxing)
 .debug_str     0x0000000000003c23      0x115 ./Debug/debug.o
                                        0xa19 (size before relaxing)

.comment        0x0000000000000000       0x33
 .comment       0x0000000000000000       0x33 ./screen/GUI_Paint.o
                                         0x34 (size before relaxing)
 .comment       0x0000000000000033       0x34 ./screen/drive_screen.o
 .comment       0x0000000000000033       0x34 ./screen/font12.o
 .comment       0x0000000000000033       0x34 ./screen/font16.o
 .comment       0x0000000000000033       0x34 ./screen/page.o
 .comment       0x0000000000000033       0x34 ./screen/screen_api.o
 .comment       0x0000000000000033       0x34 ./encode/encode.o
 .comment       0x0000000000000033       0x34 ./adc/adc.o
 .comment       0x0000000000000033       0x34 ./User/ch32v00x_it.o
 .comment       0x0000000000000033       0x34 ./User/main.o
 .comment       0x0000000000000033       0x34 ./User/system_ch32v00x.o
 .comment       0x0000000000000033       0x34 ./Time/time_app.o
 .comment       0x0000000000000033       0x34 ./Peripheral/src/ch32v00x_adc.o
 .comment       0x0000000000000033       0x34 ./Peripheral/src/ch32v00x_dma.o
 .comment       0x0000000000000033       0x34 ./Peripheral/src/ch32v00x_exti.o
 .comment       0x0000000000000033       0x34 ./Peripheral/src/ch32v00x_gpio.o
 .comment       0x0000000000000033       0x34 ./Peripheral/src/ch32v00x_iwdg.o
 .comment       0x0000000000000033       0x34 ./Peripheral/src/ch32v00x_misc.o
 .comment       0x0000000000000033       0x34 ./Peripheral/src/ch32v00x_rcc.o
 .comment       0x0000000000000033       0x34 ./Peripheral/src/ch32v00x_spi.o
 .comment       0x0000000000000033       0x34 ./Peripheral/src/ch32v00x_tim.o
 .comment       0x0000000000000033       0x34 ./Peripheral/src/ch32v00x_usart.o
 .comment       0x0000000000000033       0x34 ./Gpio/gpio.o
 .comment       0x0000000000000033       0x34 ./Debug/debug.o
 .comment       0x0000000000000033       0x34 h:/mounriver/mounriver_studio/toolchain/risc-v embedded gcc/bin/../lib/gcc/riscv-none-embed/8.2.0/../../../../riscv-none-embed/lib/rv32ecxw/ilp32e\libprintf.a(wchprintf.o)

.debug_frame    0x0000000000000000     0x1cdc
 .debug_frame   0x0000000000000000      0x260 ./screen/GUI_Paint.o
 .debug_frame   0x0000000000000260       0x8c ./screen/drive_screen.o
 .debug_frame   0x00000000000002ec      0x10c ./screen/page.o
 .debug_frame   0x00000000000003f8      0x234 ./screen/screen_api.o
 .debug_frame   0x000000000000062c       0x50 ./encode/encode.o
 .debug_frame   0x000000000000067c       0xf0 ./adc/adc.o
 .debug_frame   0x000000000000076c      0x14c ./User/ch32v00x_it.o
 .debug_frame   0x00000000000008b8       0x28 ./User/main.o
 .debug_frame   0x00000000000008e0       0x50 ./User/system_ch32v00x.o
 .debug_frame   0x0000000000000930       0xdc ./Time/time_app.o
 .debug_frame   0x0000000000000a0c      0x26c ./Peripheral/src/ch32v00x_adc.o
 .debug_frame   0x0000000000000c78       0xcc ./Peripheral/src/ch32v00x_dma.o
 .debug_frame   0x0000000000000d44       0x90 ./Peripheral/src/ch32v00x_exti.o
 .debug_frame   0x0000000000000dd4      0x154 ./Peripheral/src/ch32v00x_gpio.o
 .debug_frame   0x0000000000000f28       0x70 ./Peripheral/src/ch32v00x_iwdg.o
 .debug_frame   0x0000000000000f98       0x30 ./Peripheral/src/ch32v00x_misc.o
 .debug_frame   0x0000000000000fc8      0x1dc ./Peripheral/src/ch32v00x_rcc.o
 .debug_frame   0x00000000000011a4      0x15c ./Peripheral/src/ch32v00x_spi.o
 .debug_frame   0x0000000000001300      0x624 ./Peripheral/src/ch32v00x_tim.o
 .debug_frame   0x0000000000001924      0x204 ./Peripheral/src/ch32v00x_usart.o
 .debug_frame   0x0000000000001b28       0x6c ./Gpio/gpio.o
 .debug_frame   0x0000000000001b94      0x148 ./Debug/debug.o
